******************************************************************************
                  TI ARM Linker Unix v20.2.7                   
******************************************************************************
>> Linked Wed Oct 25 18:39:30 2023

OUTPUT FILE NAME:   <U2Laboratorio_2.out>
ENTRY POINT SYMBOL: "_c_int00"  address: 00004599


MEMORY CONFIGURATION

         name            origin    length      used     unused   attr    fill
----------------------  --------  ---------  --------  --------  ----  --------
  MAIN                  00000000   00040000  00006c36  000393ca  R  X
  INFO                  00200000   00004000  00000000  00004000  R  X
  SRAM_CODE             01000000   00010000  00005188  0000ae78  RW X
  SRAM_DATA             20000000   00010000  00005188  0000ae78  RW  


SEGMENT ALLOCATION MAP

run origin  load origin   length   init length attrs members
----------  ----------- ---------- ----------- ----- -------
00000000    00000000    00006c40   00006c40    r-x
  00000000    00000000    0000003c   0000003c    r-- .resetVecs
  00000040    00000040    000064ca   000064ca    r-x .text
  0000650c    0000650c    00000500   00000500    r-- .const
  00006a10    00006a10    00000230   00000230    r-- .cinit
20000140    20000140    00000b64   00000000    rw-
  20000140    20000140    00000654   00000000    rw- .data
  20000798    20000798    0000050c   00000000    rw- .bss
20001000    20001000    000000e8   00000000    rw-
  20001000    20001000    000000e8   00000000    rw- .vtable
200010e8    200010e8    00004000   00000000    r--
  200010e8    200010e8    00004000   00000000    r-- .priheap
2000fc00    2000fc00    00000400   00000000    rw-
  2000fc00    2000fc00    00000400   00000000    rw- .stack


SECTION ALLOCATION MAP

 output                                  attributes/
section   page    origin      length       input sections
--------  ----  ----------  ----------   ----------------
.text      0    00000040    000064ca     
                  00000040    00000a4e     rtsv7M4_T_le_v4SPD16_eabi.lib : _printfi.c.obj (.text:__TI_printfi)
                  00000a8e    0000028a     msp432p4xx_driverlib.lib : pcm.o (.text:__PCM_setPowerStateAdvanced)
                  00000d18    00000270     rtsv7M4_T_le_v4SPD16_eabi.lib : _printfi.c.obj (.text:_pconv_a)
                  00000f88    000001d0                                   : _printfi.c.obj (.text:_pconv_g)
                  00001158    000001b6                                   : fd_add_t2.asm.obj (.text)
                  0000130e    00000002     system_msp432p401r.obj (.text:Power_idleFunc)
                  00001310    00000178     system_functions.obj (.text:process_events)
                  00001488    0000015c     msp432p4xx_driverlib.lib : pcm.o (.text:__PCM_setPowerModeAdvanced)
                  000015e4    0000013c     rtsv7M4_T_le_v4SPD16_eabi.lib : _printfi.c.obj (.text:_pconv_e)
                  00001720    00000136                                   : fd_div_t2.asm.obj (.text)
                  00001856    00000002                                   : _lock.c.obj (.text:_nop)
                  00001858    00000130     sysbios.aem4f : BIOS.obj (.text:ti_sysbios_knl_Semaphore_pend__E)
                  00001988    00000124     rtsv7M4_T_le_v4SPD16_eabi.lib : _printfi.c.obj (.text:fcvt)
                  00001aac    00000114                                   : fputs.c.obj (.text:fputs)
                  00001bc0    00000110                                   : s_scalbn.c.obj (.text:scalbn)
                  00001cd0    00000108     msp432p4xx_driverlib.lib : pcm.o (.text:__PCM_setCoreVoltageLevelAdvanced)
                  00001dd8    00000108     sysbios.aem4f : BIOS.obj (.text:ti_sysbios_knl_Task_postInit__I)
                  00001ee0    00000108                   : BIOS.obj (.text:xdc_runtime_Startup_startMods__I)
                  00001fe8    00000104                   : BIOS.obj (.text:ti_sysbios_knl_Task_Instance_finalize__E)
                  000020ec    000000fc     rtsv7M4_T_le_v4SPD16_eabi.lib : fd_mul_t2.asm.obj (.text)
                  000021e8    000000f8     sysbios.aem4f : BIOS.obj (.text:ti_sysbios_family_arm_msp432_init_Boot_configureClocksHigh)
                  000022e0    000000f0                   : BIOS.obj (.text:pthread_create)
                  000023d0    000000f0                   : m3_Hwi_asm.obj (.text:ti_sysbios_family_arm_m3_Hwi_dispatch__I)
                  000024c0    000000e0     system_functions.obj (.text:Timer32_INT1)
                  000025a0    000000e0     sysbios.aem4f : BIOS.obj (.text:ti_sysbios_knl_Task_Instance_init__E)
                  00002680    000000dc     rtsv7M4_T_le_v4SPD16_eabi.lib : setvbuf.c.obj (.text:setvbuf)
                  0000275c    00000004     msp432p4xx_driverlib.lib : cpu.o (.text:CPU_wfi)
                  00002760    000000d0     sysbios.aem4f : BIOS.obj (.text:ti_sysbios_heaps_HeapMem_alloc__E)
                  00002830    000000c8     system_msp432p401r.obj (.text:SystemInit)
                  000028f8    000000c4     sysbios.aem4f : BIOS.obj (.text:ti_sysbios_knl_Task_sleep__E)
                  000029bc    000000bc     system_Thread.obj (.text:System_Thread)
                  00002a78    000000b1     rtsv7M4_T_le_v4SPD16_eabi.lib : _printfi.c.obj (.text:_ltostr)
                  00002b29    00000001     --HOLE-- [fill = 0]
                  00002b2a    00000004                                   : printf.c.obj (.text:_outc)
                  00002b2e    00000002                                   : div0.asm.obj (.text)
                  00002b30    000000aa     sysbios.aem4f : BIOS.obj (.text:xdc_runtime_Core_createObject__I)
                  00002bda    00000004     rtsv7M4_T_le_v4SPD16_eabi.lib : printf.c.obj (.text:_outs)
                  00002bde    00000002     release_pem4f.oem4f (.text:ti_sysbios_BIOS_nullFunc__I)
                  00002be0    000000a8     sysbios.aem4f : BIOS.obj (.text:ti_sysbios_family_arm_msp432_Timer_periodicStub__E)
                  00002c88    000000a4                   : BIOS.obj (.text:ti_sysbios_knl_Task_setPri__E)
                  00002d2c    000000a0     auto_init.aem4f : auto_init.oem4f (.text)
                  00002dcc    0000009c     rtsv7M4_T_le_v4SPD16_eabi.lib : memcpy_t2.asm.obj (.text)
                  00002e68    00000096                                   : ull_div_t2.asm.obj (.text)
                  00002efe    00000002     --HOLE-- [fill = 0]
                  00002f00    00000094     sysbios.aem4f : BIOS.obj (.text:_pthread_removeThreadKeys)
                  00002f94    00000004     rtsv7M4_T_le_v4SPD16_eabi.lib : exit.c.obj (.text:abort:abort)
                  00002f98    00000094     sysbios.aem4f : BIOS.obj (.text:ti_sysbios_family_arm_m3_Hwi_initNVIC__E)
                  0000302c    00000004     release_pem4f.oem4f (.text:ti_sysbios_family_arm_m3_TaskSupport_Module__startupDone__S)
                  00003030    00000094     sysbios.aem4f : BIOS.obj (.text:ti_sysbios_knl_Task_exit__E)
                  000030c4    00000090     GPIO_MSP432.obj (.text:GPIO_setOutput)
                  00003154    00000090     system_functions.obj (.text:cambioDeColor)
                  000031e4    00000004     --HOLE-- [fill = 0]
                  000031e8    00000090     sysbios.aem4f : BIOS.obj (.text:ti_sysbios_knl_Task_Module_startup__E)
                  00003278    0000008c     rtsv7M4_T_le_v4SPD16_eabi.lib : fputc.c.obj (.text:fputc)
                  00003304    0000008c     sysbios.aem4f : m3_TaskSupport_asm.obj (.text:ti_sysbios_family_arm_m3_TaskSupport_buildTaskStack)
                  00003390    0000008c                   : BIOS.obj (.text:xdc_runtime_Memory_alloc__E)
                  0000341c    00000086     rtsv7M4_T_le_v4SPD16_eabi.lib : fd_cmp_t2.asm.obj (.text:__aeabi_cdcmple)
                  000034a2    00000086                                   : fd_cmp_t2.asm.obj (.text:__aeabi_cdrcmple)
                  00003528    00000086     sysbios.aem4f : BIOS.obj (.text:xdc_runtime_Core_constructObject__I)
                  000035ae    00000002     --HOLE-- [fill = 0]
                  000035b0    00000084     msp432p4xx_driverlib.lib : pcm.o (.text:PCM_gotoLPM3)
                  00003634    00000004     --HOLE-- [fill = 0]
                  00003638    00000084     sysbios.aem4f : BIOS.obj (.text:ti_sysbios_family_arm_m3_Hwi_postInit__I)
                  000036bc    00000004     --HOLE-- [fill = 0]
                  000036c0    00000084                   : BIOS.obj (.text:ti_sysbios_heaps_HeapMem_free__E)
                  00003744    00000080     INT_MSP432.obj (.text:Int_enableInterrupt)
                  000037c4    00000004     --HOLE-- [fill = 0]
                  000037c8    00000080     sysbios.aem4f : BIOS.obj (.text:ti_sysbios_knl_Clock_workFunc__E)
                  00003848    0000007a     rtsv7M4_T_le_v4SPD16_eabi.lib : memset_t2.asm.obj (.text)
                  000038c2    00000002     --HOLE-- [fill = 0]
                  000038c4    00000074                                   : fclose.c.obj (.text:__TI_closefile)
                  00003938    00000070     sysbios.aem4f : BIOS.obj (.text:ti_sysbios_heaps_HeapMem_initPrimary__I)
                  000039a8    0000006e     rtsv7M4_T_le_v4SPD16_eabi.lib : _printfi.c.obj (.text:_mcpy)
                  00003a16    00000002     --HOLE-- [fill = 0]
                  00003a18    0000006c                                   : hostrename.c.obj (.text:HOSTrename)
                  00003a84    00000004     --HOLE-- [fill = 0]
                  00003a88    0000006c     sysbios.aem4f : BIOS.obj (.text:ti_sysbios_knl_Swi_restoreHwi__E)
                  00003af4    00000068     GPIO_MSP432.obj (.text:GPIO_init_board)
                  00003b5c    00000068     rtsv7M4_T_le_v4SPD16_eabi.lib : hostlseek.c.obj (.text:HOSTlseek)
                  00003bc4    00000068     UART_MSP432.obj (.text:UART_init)
                  00003c2c    00000068     rtsv7M4_T_le_v4SPD16_eabi.lib : copy_decompress_lzss.c.obj (.text:decompress:lzss:__TI_decompress_lzss)
                  00003c94    00000068                                   : printf.c.obj (.text:printf)
                  00003cfc    00000004     --HOLE-- [fill = 0]
                  00003d00    00000066     sysbios.aem4f : BIOS.obj (.text:xdc_runtime_Core_deleteObject__I)
                  00003d66    00000002     --HOLE-- [fill = 0]
                  00003d68    00000064     rtsv7M4_T_le_v4SPD16_eabi.lib : s_frexp.c.obj (.text:frexp)
                  00003dcc    00000064                                   : fseek.c.obj (.text:fseek)
                  00003e30    00000064     Threads.obj (.text:main)
                  00003e94    00000004     --HOLE-- [fill = 0]
                  00003e98    00000064     sysbios.aem4f : BIOS.obj (.text:pthread_exit)
                  00003efc    00000004     --HOLE-- [fill = 0]
                  00003f00    00000064                   : BIOS.obj (.text:ti_sysbios_family_arm_m3_Hwi_dispatchC__I)
                  00003f64    00000062     rtsv7M4_T_le_v4SPD16_eabi.lib : _io_perm.c.obj (.text:__TI_wrt_ok)
                  00003fc6    00000002     --HOLE-- [fill = 0]
                  00003fc8    00000060                                   : hostopen.c.obj (.text:HOSTopen)
                  00004028    00000060     sysbios.aem4f : BIOS.obj (.text:ti_sysbios_knl_Semaphore_post__E)
                  00004088    00000060                   : BIOS.obj (.text:ti_sysbios_knl_Swi_run__I)
                  000040e8    00000060     release_pem4f.oem4f (.text:ti_sysbios_knl_Task_create)
                  00004148    0000005e     msp432p4xx_driverlib.lib : pcm.o (.text:PCM_getCoreVoltageLevel)
                  000041a6    00000002     --HOLE-- [fill = 0]
                  000041a8    0000005c     INT_MSP432.obj (.text:Int_registerInterrupt)
                  00004204    0000005c     rtsv7M4_T_le_v4SPD16_eabi.lib : close.c.obj (.text:close)
                  00004260    0000005c     system_functions.obj (.text:funcion_inicial)
                  000042bc    00000004     --HOLE-- [fill = 0]
                  000042c0    0000005c     sysbios.aem4f : BIOS.obj (.text:ti_sysbios_knl_Swi_schedule__I)
                  0000431c    00000004     --HOLE-- [fill = 0]
                  00004320    0000005c                   : BIOS.obj (.text:ti_sysbios_knl_Task_startCore__E)
                  0000437c    00000004     --HOLE-- [fill = 0]
                  00004380    0000005c                   : BIOS.obj (.text:xdc_runtime_Startup_exec__E)
                  000043dc    0000005a     msp432p4xx_driverlib.lib : pcm.o (.text:PCM_getPowerMode)
                  00004436    00000002     --HOLE-- [fill = 0]
                  00004438    00000058     rtsv7M4_T_le_v4SPD16_eabi.lib : hostread.c.obj (.text:HOSTread)
                  00004490    00000058                                   : hostwrite.c.obj (.text:HOSTwrite)
                  000044e8    00000058     UART_MSP432.obj (.text:UART_clck_source)
                  00004540    00000058     UART_MSP432.obj (.text:UART_set_baud_rate)
                  00004598    00000058     boot.aem4f : boot.oem4f (.text)
                  000045f0    00000058     sysbios.aem4f : m3_Hwi_asm_switch.obj (.text:ti_sysbios_family_arm_m3_Hwi_initStacks__E)
                  00004648    00000056     rtsv7M4_T_le_v4SPD16_eabi.lib : _printfi.c.obj (.text:_pconv_f)
                  0000469e    00000002     --HOLE-- [fill = 0]
                  000046a0    00000054     msp432p4xx_driverlib.lib : pcm.o (.text:PCM_shutdownDevice)
                  000046f4    00000054     rtsv7M4_T_le_v4SPD16_eabi.lib : _ltoa.c.obj (.text:__TI_ltoa)
                  00004748    00000054     sysbios.aem4f : BIOS.obj (.text:ti_sysbios_family_arm_msp432_Timer_initDevice__I)
                  0000479c    00000052     rtsv7M4_T_le_v4SPD16_eabi.lib : _printfi.c.obj (.text:_ecpy)
                  000047ee    00000002     --HOLE-- [fill = 0]
                  000047f0    00000050     sysbios.aem4f : BIOS.obj (.text:ti_sysbios_family_arm_m3_Hwi_Module_startup__E)
                  00004840    0000004c     rtsv7M4_T_le_v4SPD16_eabi.lib : fflush.c.obj (.text:__TI_doflush)
                  0000488c    0000004c                                   : atoi.c.obj (.text:atoi)
                  000048d8    0000004c                                   : cpy_tbl.c.obj (.text:copy_in)
                  00004924    00000004     --HOLE-- [fill = 0]
                  00004928    0000004c     sysbios.aem4f : BIOS.obj (.text:ti_sysbios_family_arm_msp432_Timer_postInit__I)
                  00004974    00000004     --HOLE-- [fill = 0]
                  00004978    0000004c                   : BIOS.obj (.text:ti_sysbios_family_arm_msp432_Timer_start__E)
                  000049c4    00000004     --HOLE-- [fill = 0]
                  000049c8    0000004c                   : BIOS.obj (.text:ti_sysbios_heaps_HeapMem_getStats__E)
                  00004a14    00000004     --HOLE-- [fill = 0]
                  00004a18    0000004c                   : BIOS.obj (.text:ti_sysbios_knl_Swi_runLoop__I)
                  00004a64    00000004     --HOLE-- [fill = 0]
                  00004a68    0000004c                   : BIOS.obj (.text:ti_sysbios_knl_Task_allBlockedFunction__I)
                  00004ab4    00000004     --HOLE-- [fill = 0]
                  00004ab8    0000004c                   : BIOS.obj (.text:ti_sysbios_knl_Task_schedule__I)
                  00004b04    00000048     rtsv7M4_T_le_v4SPD16_eabi.lib : exit.c.obj (.text:exit)
                  00004b4c    00000048                                   : fd_toi_t2.asm.obj (.text)
                  00004b94    00000004     --HOLE-- [fill = 0]
                  00004b98    00000048     sysbios.aem4f : BIOS.obj (.text:ti_sysbios_family_arm_m3_Hwi_enableInterrupt__E)
                  00004be0    00000048                   : BIOS.obj (.text:ti_sysbios_knl_Mailbox_Module_startup__E)
                  00004c28    00000048                   : BIOS.obj (.text:xdc_runtime_Core_assignParams__I)
                  00004c70    00000044     rtsv7M4_T_le_v4SPD16_eabi.lib : hostclose.c.obj (.text:HOSTclose)
                  00004cb4    00000044                                   : hostunlink.c.obj (.text:HOSTunlink)
                  00004cf8    00000044                                   : getdevice.c.obj (.text:getdevice)
                  00004d3c    00000004     --HOLE-- [fill = 0]
                  00004d40    00000044     sysbios.aem4f : BIOS.obj (.text:ti_sysbios_family_arm_m3_Hwi_getStackInfo__E)
                  00004d84    00000004     --HOLE-- [fill = 0]
                  00004d88    00000044                   : BIOS.obj (.text:ti_sysbios_knl_Swi_post__E)
                  00004dcc    00000044     release_pem4f.oem4f (.text:ti_sysbios_rts_MemAlloc_alloc)
                  00004e10    00000040     sysbios.aem4f : BIOS.obj (.text:ti_sysbios_family_arm_msp432_Timer_Module_startup__E)
                  00004e50    00000040                   : BIOS.obj (.text:ti_sysbios_family_arm_msp432_Timer_startup__E)
                  00004e90    00000040     release_pem4f.oem4f (.text:ti_sysbios_gates_GateHwi_Object__create__S)
                  00004ed0    00000040     release_pem4f.oem4f (.text:ti_sysbios_gates_GateMutex_Object__create__S)
                  00004f10    00000040     sysbios.aem4f : BIOS.obj (.text:ti_sysbios_heaps_HeapMem_Instance_init__E)
                  00004f50    00000040     release_pem4f.oem4f (.text:ti_sysbios_heaps_HeapMem_Object__create__S)
                  00004f90    0000003e     rtsv7M4_T_le_v4SPD16_eabi.lib : _printfi.c.obj (.text:_fcpy)
                  00004fce    00000002     --HOLE-- [fill = 0]
                  00004fd0    0000003c     sysbios.aem4f : BIOS.obj (.text:ti_sysbios_family_arm_msp432_Seconds_Module_startup__E)
                  0000500c    00000004     --HOLE-- [fill = 0]
                  00005010    0000003c                   : BIOS.obj (.text:ti_sysbios_knl_Swi_restore__E)
                  0000504c    00000004     --HOLE-- [fill = 0]
                  00005050    0000003c                   : BIOS.obj (.text:usleep)
                  0000508c    00000038     rtsv7M4_T_le_v4SPD16_eabi.lib : trgmsg.c.obj (.text:__TI_writemsg)
                  000050c4    00000038     release_pem4f.oem4f (.text:ti_sysbios_knl_Clock_doTick__I)
                  000050fc    00000004     --HOLE-- [fill = 0]
                  00005100    00000038     sysbios.aem4f : BIOS.obj (.text:xdc_runtime_System_atexit__E)
                  00005138    00000036     rtsv7M4_T_le_v4SPD16_eabi.lib : strncpy.c.obj (.text:strncpy)
                  0000516e    00000002     --HOLE-- [fill = 0]
                  00005170    00000034     UART_MSP432.obj (.text:UART_sendByte)
                  000051a4    00000034     UART_MSP432.obj (.text:UART_set_parity)
                  000051d8    00000034     rtsv7M4_T_le_v4SPD16_eabi.lib : fopen.c.obj (.text:__TI_cleanup)
                  0000520c    00000034                                   : trgmsg.c.obj (.text:__TI_readmsg)
                  00005240    00000034     release_pem4f.oem4f (.text:ti_sysbios_knl_Semaphore_construct)
                  00005274    00000004     --HOLE-- [fill = 0]
                  00005278    00000032     sysbios.aem4f : BIOS.obj (.text:ti_sysbios_hal_Hwi_initStack)
                  000052aa    00000002     --HOLE-- [fill = 0]
                  000052ac    00000030     GPIO_MSP432.obj (.text:GPIO_getInputPinValue)
                  000052dc    00000030     UART_MSP432.obj (.text:UART_set_location_pin)
                  0000530c    00000030     rtsv7M4_T_le_v4SPD16_eabi.lib : getdevice.c.obj (.text:finddevice)
                  0000533c    00000030     release_pem4f.oem4f (.text:ti_sysbios_BIOS_atExitFunc__I)
                  0000536c    00000030     release_pem4f.oem4f (.text:ti_sysbios_BIOS_rtsLock__I)
                  0000539c    00000030     release_pem4f.oem4f (.text:ti_sysbios_BIOS_startFunc__I)
                  000053cc    00000030     release_pem4f.oem4f (.text:ti_sysbios_family_arm_m3_Hwi_Object__get__S)
                  000053fc    00000004     --HOLE-- [fill = 0]
                  00005400    00000030     sysbios.aem4f : BIOS.obj (.text:ti_sysbios_family_arm_m3_TaskSupport_start__E)
                  00005430    00000030                   : BIOS.obj (.text:ti_sysbios_gates_GateMutex_enter__E)
                  00005460    00000030     release_pem4f.oem4f (.text:ti_sysbios_heaps_HeapMem_Object__get__S)
                  00005490    00000030     sysbios.aem4f : BIOS.obj (.text:ti_sysbios_knl_Mailbox_postInit__I)
                  000054c0    00000030     release_pem4f.oem4f (.text:ti_sysbios_knl_Queue_construct)
                  000054f0    00000030     sysbios.aem4f : BIOS.obj (.text:ti_sysbios_knl_Semaphore_pendTimeout__I)
                  00005520    00000030     release_pem4f.oem4f (.text:ti_sysbios_knl_Swi_Object__get__S)
                  00005550    00000030     sysbios.aem4f : BIOS.obj (.text:ti_sysbios_knl_Task_processVitalTaskFlag__I)
                  00005580    00000030                   : BIOS.obj (.text:ti_sysbios_knl_Task_restore__E)
                  000055b0    00000030                   : BIOS.obj (.text:ti_sysbios_knl_Task_unblockI__E)
                  000055e0    00000030                   : BIOS.obj (.text:xdc_runtime_System_processAtExit__E)
                  00005610    0000002e                   : BIOS.obj (.text:pthread_setcancelstate)
                  0000563e    0000002e     rtsv7M4_T_le_v4SPD16_eabi.lib : i_tofd_t2.asm.obj (.text)
                  0000566c    0000002c     msp432p4xx_driverlib.lib : rtc_c.o (.text:RTC_C_holdClock)
                  00005698    0000002c     sysbios.aem4f : BIOS.obj (.text:_pthread_cleanupFxn)
                  000056c4    00000004     --HOLE-- [fill = 0]
                  000056c8    0000002c                   : BIOS.obj (.text:_pthread_delete$43)
                  000056f4    0000002c     release_pem4f.oem4f (.text:ti_sysbios_BIOS_rtsUnlock__I)
                  00005720    0000002c     release_pem4f.oem4f (.text:ti_sysbios_gates_GateHwi_Handle__label__S)
                  0000574c    0000002c     release_pem4f.oem4f (.text:ti_sysbios_gates_GateMutex_Handle__label__S)
                  00005778    0000002c     release_pem4f.oem4f (.text:ti_sysbios_heaps_HeapMem_Handle__label__S)
                  000057a4    0000002c     release_pem4f.oem4f (.text:ti_sysbios_knl_Semaphore_Params__init__S)
                  000057d0    0000002c     release_pem4f.oem4f (.text:ti_sysbios_knl_Task_Object__get__S)
                  000057fc    0000002c     release_pem4f.oem4f (.text:ti_sysbios_knl_Task_Params__init__S)
                  00005828    0000002c     rtsv7M4_T_le_v4SPD16_eabi.lib : unlink.c.obj (.text:unlink)
                  00005854    00000028     msp432p4xx_driverlib.lib : pcm.o (.text:PCM_gotoLPM0)
                  0000587c    00000028     release_pem4f.oem4f (.text:free)
                  000058a4    00000028     rtsv7M4_T_le_v4SPD16_eabi.lib : lseek.c.obj (.text:lseek)
                  000058cc    00000028     sysbios.aem4f : m3_Hwi_asm.obj (.text:ti_sysbios_family_arm_m3_Hwi_excHandlerAsm__I)
                  000058f4    00000028     release_pem4f.oem4f (.text:ti_sysbios_gates_GateMutex_Object__delete__S)
                  0000591c    00000004     --HOLE-- [fill = 0]
                  00005920    00000028     sysbios.aem4f : BIOS.obj (.text:ti_sysbios_knl_Clock_addI__E)
                  00005948    00000028                   : BIOS.obj (.text:ti_sysbios_knl_Swi_Module_startup__E)
                  00005970    00000028     release_pem4f.oem4f (.text:ti_sysbios_knl_Task_Object__delete__S)
                  00005998    00000028     rtsv7M4_T_le_v4SPD16_eabi.lib : write.c.obj (.text:write)
                  000059c0    00000026     sysbios.aem4f : m3_Hwi_asm.obj (.text:ti_sysbios_family_arm_m3_Hwi_pendSV__I)
                  000059e6    00000002     --HOLE-- [fill = 0]
                  000059e8    00000024     TIMER32_MSP432.obj (.text:T32_Configure1)
                  00005a0c    00000024     UART_MSP432.obj (.text:UART_putsf)
                  00005a30    00000024     msp432p4xx_driverlib.lib : wdt_a.o (.text:WDT_A_holdTimer)
                  00005a54    00000004     --HOLE-- [fill = 0]
                  00005a58    00000024     sysbios.aem4f : BIOS.obj (.text:pthread_attr_init)
                  00005a7c    00000024     release_pem4f.oem4f (.text:ti_sysbios_BIOS_registerRTSLock__I)
                  00005aa0    00000024     release_pem4f.oem4f (.text:ti_sysbios_gates_GateHwi_Object__delete__S)
                  00005ac4    00000024     release_pem4f.oem4f (.text:ti_sysbios_heaps_HeapMem_Object__delete__S)
                  00005ae8    00000024     sysbios.aem4f : BIOS.obj (.text:ti_sysbios_knl_Clock_Module_startup__E)
                  00005b0c    00000004     --HOLE-- [fill = 0]
                  00005b10    00000024                   : BIOS.obj (.text:ti_sysbios_knl_Semaphore_Instance_init__E)
                  00005b34    00000004     --HOLE-- [fill = 0]
                  00005b38    00000024                   : BIOS.obj (.text:ti_sysbios_knl_Task_restoreHwi__E)
                  00005b5c    00000004     --HOLE-- [fill = 0]
                  00005b60    00000024                   : BIOS.obj (.text:xdc_runtime_Error_policyMin__E)
                  00005b84    00000020     rtsv7M4_T_le_v4SPD16_eabi.lib : memchr.c.obj (.text:memchr)
                  00005ba4    00000020     release_pem4f.oem4f (.text:ti_sysbios_BIOS_removeRTSLock__I)
                  00005bc4    00000004     --HOLE-- [fill = 0]
                  00005bc8    00000020     sysbios.aem4f : BIOS.obj (.text:ti_sysbios_knl_Idle_run__E)
                  00005be8    00000020     release_pem4f.oem4f (.text:ti_sysbios_knl_Mailbox_Object__get__S)
                  00005c08    00000020     release_pem4f.oem4f (.text:ti_sysbios_knl_Semaphore_destruct)
                  00005c28    00000020     release_pem4f.oem4f (.text:ti_sysbios_rts_ti_ReentSupport_getTlsAddr__I)
                  00005c48    00000020     release_pem4f.oem4f (.text:xdc_runtime_IHeap_alloc)
                  00005c68    0000001e     sysbios.aem4f : m3_Hwi_asm_switch.obj (.text:ti_sysbios_family_xxx_Hwi_switchAndRunFunc)
                  00005c86    0000001e     release_pem4f.oem4f (.text:ti_sysbios_knl_Task_SupportProxy_start__E)
                  00005ca4    0000001e     release_pem4f.oem4f (.text:xdc_runtime_Memory_HeapProxy_alloc__E)
                  00005cc2    0000001c     rtsv7M4_T_le_v4SPD16_eabi.lib : memccpy.c.obj (.text:memccpy)
                  00005cde    00000002     --HOLE-- [fill = 0]
                  00005ce0    0000001c     release_pem4f.oem4f (.text:ti_sysbios_family_arm_m3_Hwi_Module__startupDone__F)
                  00005cfc    00000004     --HOLE-- [fill = 0]
                  00005d00    0000001c     sysbios.aem4f : BIOS.obj (.text:ti_sysbios_family_arm_m3_Hwi_excHandler__I)
                  00005d1c    0000001c     release_pem4f.oem4f (.text:ti_sysbios_family_arm_msp432_Timer_Module__startupDone__F)
                  00005d38    0000001c     sysbios.aem4f : BIOS.obj (.text:ti_sysbios_gates_GateMutex_Instance_init__E)
                  00005d54    0000001c     release_pem4f.oem4f (.text:ti_sysbios_knl_Queue_Object__get__S)
                  00005d70    0000001c     release_pem4f.oem4f (.text:ti_sysbios_knl_Queue_destruct)
                  00005d8c    00000004     --HOLE-- [fill = 0]
                  00005d90    0000001c     sysbios.aem4f : BIOS.obj (.text:ti_sysbios_knl_Queue_put__E)
                  00005dac    00000004     --HOLE-- [fill = 0]
                  00005db0    0000001c                   : BIOS.obj (.text:ti_sysbios_knl_Task_enter__I)
                  00005dcc    00000004     --HOLE-- [fill = 0]
                  00005dd0    0000001c                   : BIOS.obj (.text:ti_sysbios_rts_ti_ReentSupport_getReent__F)
                  00005dec    00000004     --HOLE-- [fill = 0]
                  00005df0    0000001c                   : BIOS.obj (.text:xdc_runtime_Memory_valloc__E)
                  00005e0c    0000001c     release_pem4f.oem4f (.text:xdc_runtime_Startup_exec__I)
                  00005e28    0000001c     sysbios.aem4f : BIOS.obj (.text:xdc_runtime_System_abort__E)
                  00005e44    0000001a     rtsv7M4_T_le_v4SPD16_eabi.lib : s_copysign.c.obj (.text:copysign)
                  00005e5e    0000001a     release_pem4f.oem4f (.text:xdc_runtime_IHeap_free)
                  00005e78    00000018     release_pem4f.oem4f (.text:.bootCodeSection:ti_sysbios_family_arm_msp432_init_Boot_init__I)
                  00005e90    00000018     UART_MSP432.obj (.text:UART_B_char_IE)
                  00005ea8    00000018     UART_MSP432.obj (.text:UART_E_char_IE)
                  00005ec0    00000018     UART_MSP432.obj (.text:UART_data_bits)
                  00005ed8    00000018     UART_MSP432.obj (.text:UART_mode)
                  00005ef0    00000018     UART_MSP432.obj (.text:UART_set_oversampling)
                  00005f08    00000018     UART_MSP432.obj (.text:UART_set_stop_bits)
                  00005f20    00000018     UART_MSP432.obj (.text:UART_set_transmision_dir)
                  00005f38    00000018     rtsv7M4_T_le_v4SPD16_eabi.lib : args_main.c.obj (.text:_args_main)
                  00005f50    00000018                                   : strcmp.c.obj (.text:strcmp)
                  00005f68    00000018     sysbios.aem4f : m3_TaskSupport_asm.obj (.text:ti_sysbios_family_arm_m3_TaskSupport_swap__E)
                  00005f80    00000018                   : BIOS.obj (.text:ti_sysbios_gates_GateMutex_leave__E)
                  00005f98    00000018                   : BIOS.obj (.text:ti_sysbios_knl_Task_sleepTimeout__I)
                  00005fb0    00000018                   : BIOS.obj (.text:xdc_runtime_Error_init__E)
                  00005fc8    00000018                   : BIOS.obj (.text:xdc_runtime_System_exit__E)
                  00005fe0    00000016     UART_MSP432.obj (.text:UART_den)
                  00005ff6    00000016     UART_MSP432.obj (.text:UART_en)
                  0000600c    00000016     rtsv7M4_T_le_v4SPD16_eabi.lib : strchr.c.obj (.text:strchr)
                  00006022    00000016     release_pem4f.oem4f (.text:ti_sysbios_BIOS_exitFunc__I)
                  00006038    00000016     sysbios.aem4f : BIOS.obj (.text:ti_sysbios_knl_Task_unblock__E)
                  0000604e    00000002     --HOLE-- [fill = 0]
                  00006050    00000014     msp432p4xx_driverlib.lib : pcm.o (.text:PCM_getPowerState)
                  00006064    00000014     TIMER32_MSP432.obj (.text:T32_SetLoadValue1)
                  00006078    00000014     sysbios.aem4f : BIOS.obj (.text:pthread_attr_setschedparam)
                  0000608c    00000014     rtsv7M4_T_le_v4SPD16_eabi.lib : strcpy.c.obj (.text:strcpy)
                  000060a0    00000014                                   : strlen.c.obj (.text:strlen)
                  000060b4    00000004     --HOLE-- [fill = 0]
                  000060b8    00000014     sysbios.aem4f : BIOS.obj (.text:ti_sysbios_family_arm_m3_Hwi_switchFromBootStack__E)
                  000060cc    00000014     release_pem4f.oem4f (.text:ti_sysbios_hal_Hwi_HwiProxy_getStackInfo__E)
                  000060e0    00000014     release_pem4f.oem4f (.text:ti_sysbios_knl_Clock_Module_State_clockQ)
                  000060f4    00000014     release_pem4f.oem4f (.text:xdc_runtime_Memory_HeapProxy_free__E)
                  00006108    00000012     sysbios.aem4f : BIOS.obj (.text:_pthread_cleanup_pop)
                  0000611a    00000006     --HOLE-- [fill = 0]
                  00006120    00000012                   : BIOS.obj (.text:_pthread_runStub$43)
                  00006132    00000006     --HOLE-- [fill = 0]
                  00006138    00000012                   : BIOS.obj (.text:ti_sysbios_hal_Hwi_Module_startup__E)
                  0000614a    00000012     rtsv7M4_T_le_v4SPD16_eabi.lib : wcslen.c.obj (.text:wcslen)
                  0000615c    00000010     msp432p4xx_driverlib.lib : pcm.o (.text:PCM_gotoLPM4)
                  0000616c    00000010                              : pcm.o (.text:PCM_setPowerMode)
                  0000617c    00000010                              : pcm.o (.text:PCM_setPowerState)
                  0000618c    00000010     release_pem4f.oem4f (.text:ti_sysbios_BIOS_RtsGateProxy_leave__E)
                  0000619c    00000004     --HOLE-- [fill = 0]
                  000061a0    00000010     sysbios.aem4f : BIOS.obj (.text:ti_sysbios_BIOS_exit__E)
                  000061b0    00000010                   : BIOS.obj (.text:ti_sysbios_BIOS_setThreadType__E)
                  000061c0    00000010                   : BIOS.obj (.text:ti_sysbios_BIOS_start__E)
                  000061d0    00000010                   : m3_TaskSupport_asm.obj (.text:ti_sysbios_family_arm_m3_TaskSupport_glue)
                  000061e0    00000010                   : BIOS.obj (.text:ti_sysbios_family_arm_msp432_init_Boot_disableWatchdog)
                  000061f0    00000010                   : BIOS.obj (.text:ti_sysbios_gates_GateMutex_Instance_finalize__E)
                  00006200    00000010     release_pem4f.oem4f (.text:ti_sysbios_heaps_HeapMem_Module_GateProxy_leave__E)
                  00006210    00000010     sysbios.aem4f : BIOS.obj (.text:ti_sysbios_knl_Semaphore_Instance_finalize__E)
                  00006220    00000010                   : BIOS.obj (.text:ti_sysbios_knl_Swi_disable__E)
                  00006230    00000010     release_pem4f.oem4f (.text:ti_sysbios_knl_Task_SupportProxy_swap__E)
                  00006240    00000010     sysbios.aem4f : BIOS.obj (.text:ti_sysbios_knl_Task_disable__E)
                  00006250    00000010                   : BIOS.obj (.text:xdc_runtime_Gate_leaveSystem__E)
                  00006260    00000010                   : BIOS.obj (.text:xdc_runtime_Memory_free__E)
                  00006270    00000010                   : BIOS.obj (.text:xdc_runtime_SysCallback_abort__E)
                  00006280    00000010                   : BIOS.obj (.text:xdc_runtime_SysCallback_exit__E)
                  00006290    00000010     release_pem4f.oem4f (.text:xdc_runtime_System_Module_GateProxy_leave__E)
                  000062a0    0000000e     rtsv7M4_T_le_v4SPD16_eabi.lib : copy_decompress_none.c.obj (.text:decompress:none:__TI_decompress_none)
                  000062ae    00000002     --HOLE-- [fill = 0]
                  000062b0    0000000e     sysbios.aem4f : BIOS.obj (.text:pthread_attr_setdetachstate)
                  000062be    00000002     --HOLE-- [fill = 0]
                  000062c0    0000000e                   : BIOS.obj (.text:ti_sysbios_knl_Idle_loop__E)
                  000062ce    00000002     --HOLE-- [fill = 0]
                  000062d0    0000000e                   : BIOS.obj (.text:ti_sysbios_knl_Queue_empty__E)
                  000062de    00000002     --HOLE-- [fill = 0]
                  000062e0    0000000c     TIMER32_MSP432.obj (.text:T32_ClearInterruptFlag1)
                  000062ec    0000000c     TIMER32_MSP432.obj (.text:T32_EnableInterrupt1)
                  000062f8    0000000c     TIMER32_MSP432.obj (.text:T32_EnableTimer1)
                  00006304    0000000c     rtsv7M4_T_le_v4SPD16_eabi.lib : _lock.c.obj (.text:_register_lock)
                  00006310    0000000c                                   : _lock.c.obj (.text:_register_unlock)
                  0000631c    0000000c                                   : copy_zero_init.c.obj (.text:decompress:ZI:__TI_zero_init)
                  00006328    0000000c     release_pem4f.oem4f (.text:malloc)
                  00006334    00000004     --HOLE-- [fill = 0]
                  00006338    0000000c     sysbios.aem4f : BIOS.obj (.text:pthread_self)
                  00006344    0000000c     release_pem4f.oem4f (.text:ti_sysbios_BIOS_RtsGateProxy_enter__E)
                  00006350    0000000c     sysbios.aem4f : BIOS.obj (.text:ti_sysbios_family_arm_m3_TaskSupport_getStackAlignment__E)
                  0000635c    00000004     --HOLE-- [fill = 0]
                  00006360    0000000c                   : BIOS.obj (.text:ti_sysbios_family_arm_msp432_Timer_getMaxTicks__E)
                  0000636c    00000004     --HOLE-- [fill = 0]
                  00006370    0000000c                   : BIOS.obj (.text:ti_sysbios_gates_GateHwi_enter__E)
                  0000637c    0000000c     release_pem4f.oem4f (.text:ti_sysbios_heaps_HeapMem_Module_GateProxy_enter__E)
                  00006388    0000000c     release_pem4f.oem4f (.text:ti_sysbios_heaps_HeapMem_Module_GateProxy_query__E)
                  00006394    0000000c     release_pem4f.oem4f (.text:ti_sysbios_knl_Clock_TimerProxy_getMaxTicks__E)
                  000063a0    0000000c     release_pem4f.oem4f (.text:ti_sysbios_knl_Task_delete)
                  000063ac    00000004     --HOLE-- [fill = 0]
                  000063b0    0000000c     sysbios.aem4f : BIOS.obj (.text:ti_sysbios_knl_Task_self__E)
                  000063bc    00000004     --HOLE-- [fill = 0]
                  000063c0    0000000c                   : BIOS.obj (.text:ti_sysbios_rts_ti_ReentSupport_taskRegHook__I)
                  000063cc    00000004     --HOLE-- [fill = 0]
                  000063d0    0000000c                   : BIOS.obj (.text:xdc_runtime_Gate_enterSystem__E)
                  000063dc    00000004     --HOLE-- [fill = 0]
                  000063e0    0000000c                   : BIOS.obj (.text:xdc_runtime_Startup_rtsDone__E)
                  000063ec    0000000c     release_pem4f.oem4f (.text:xdc_runtime_System_Module_GateProxy_enter__E)
                  000063f8    0000000c     release_pem4f.oem4f (.text:xdc_runtime_System_SupportProxy_abort__E)
                  00006404    0000000c     release_pem4f.oem4f (.text:xdc_runtime_System_SupportProxy_exit__E)
                  00006410    00000008     system_functions.obj (.text:System_InicialiceIO)
                  00006418    00000008     system_functions.obj (.text:System_InicialiceUART)
                  00006420    00000008     sysbios.aem4f : BIOS.obj (.text:pthread_attr_setstacksize)
                  00006428    00000008     release_pem4f.oem4f (.text:ti_sysbios_family_arm_m3_Hwi_Module__startupDone__S)
                  00006430    00000008     sysbios.aem4f : BIOS.obj (.text:ti_sysbios_family_arm_m3_Hwi_doSwiRestore__I)
                  00006438    00000008                   : BIOS.obj (.text:ti_sysbios_family_arm_m3_Hwi_startup__E)
                  00006440    00000008     release_pem4f.oem4f (.text:ti_sysbios_family_arm_msp432_Timer_Module__startupDone__S)
                  00006448    00000008     release_pem4f.oem4f (.text:ti_sysbios_hal_Hwi_HwiProxy_Module__startupDone__S)
                  00006450    00000008     release_pem4f.oem4f (.text:ti_sysbios_hal_Hwi_HwiProxy_startup__E)
                  00006458    00000008     release_pem4f.oem4f (.text:ti_sysbios_hal_Hwi_HwiProxy_switchFromBootStack__E)
                  00006460    00000008     release_pem4f.oem4f (.text:ti_sysbios_knl_Clock_TimerProxy_Module__startupDone__S)
                  00006468    00000008     release_pem4f.oem4f (.text:ti_sysbios_knl_Task_SupportProxy_Module__startupDone__S)
                  00006470    00000008     release_pem4f.oem4f (.text:ti_sysbios_knl_Task_SupportProxy_getStackAlignment__E)
                  00006478    00000008     release_pem4f.oem4f (.text:ti_sysbios_rts_ti_ReentSupport_getReent__E)
                  00006480    00000008     release_pem4f.oem4f (.text:xdc_runtime_Startup_reset__I)
                  00006488    00000006     sysbios.aem4f : BIOS.obj (.text:ti_sysbios_family_arm_m3_Hwi_doTaskRestore__I)
                  0000648e    00000002     --HOLE-- [fill = 0]
                  00006490    00000006                   : BIOS.obj (.text:ti_sysbios_gates_GateHwi_leave__E)
                  00006496    00000002     --HOLE-- [fill = 0]
                  00006498    00000006                   : BIOS.obj (.text:ti_sysbios_heaps_HeapMem_isBlocking__E)
                  0000649e    00000002     --HOLE-- [fill = 0]
                  000064a0    00000006                   : BIOS.obj (.text:ti_sysbios_knl_Queue_Instance_init__E)
                  000064a6    00000002     --HOLE-- [fill = 0]
                  000064a8    00000006                   : BIOS.obj (.text:ti_sysbios_knl_Swi_startup__E)
                  000064ae    00000002     --HOLE-- [fill = 0]
                  000064b0    00000006                   : BIOS.obj (.text:xdc_runtime_System_Module_startup__E)
                  000064b6    00000002     --HOLE-- [fill = 0]
                  000064b8    00000004                   : BIOS.obj (.text:__aeabi_errno_addr)
                  000064bc    00000004     --HOLE-- [fill = 0]
                  000064c0    00000004                   : BIOS.obj (.text:ti_sysbios_gates_GateHwi_query__E)
                  000064c4    00000004     --HOLE-- [fill = 0]
                  000064c8    00000004                   : BIOS.obj (.text:ti_sysbios_gates_GateMutex_query__E)
                  000064cc    00000004     --HOLE-- [fill = 0]
                  000064d0    00000004                   : BIOS.obj (.text:ti_sysbios_knl_Task_startup__E)
                  000064d4    00000004     --HOLE-- [fill = 0]
                  000064d8    00000002                   : BIOS.obj (.text:ti_sysbios_BIOS_linkedWithIncorrectBootLibrary__E)
                  000064da    00000006     --HOLE-- [fill = 0]
                  000064e0    00000002                   : BIOS.obj (.text:ti_sysbios_gates_GateHwi_Instance_init__E)
                  000064e2    00000006     --HOLE-- [fill = 0]
                  000064e8    00000002                   : BIOS.obj (.text:ti_sysbios_knl_Clock_logTick__E)
                  000064ea    00000006     --HOLE-- [fill = 0]
                  000064f0    00000002                   : BIOS.obj (.text:xdc_runtime_SysCallback_defaultAbort)
                  000064f2    00000006     --HOLE-- [fill = 0]
                  000064f8    00000002                   : BIOS.obj (.text:xdc_runtime_SysCallback_defaultExit)
                  000064fa    00000006     --HOLE-- [fill = 0]
                  00006500    00000002                   : BIOS.obj (.text:xdc_runtime_System_abortSpin__E)
                  00006502    00000006     --HOLE-- [fill = 0]
                  00006508    00000002                   : BIOS.obj (.text:xdc_runtime_System_exitSpin__E)

.const     0    0000650c    00000500     
                  0000650c    00000101     rtsv7M4_T_le_v4SPD16_eabi.lib : ctype.c.obj (.const:.string:_ctypes_)
                  0000660d    00000001     release_pem4f.oem4f (.const:xdc_runtime_Error_policy__C)
                  0000660e    00000002     release_pem4f.oem4f (.const:ti_sysbios_family_arm_msp432_init_Boot_bypassHFXT__C)
                  00006610    00000048     release_pem4f.oem4f (.const:.string)
                  00006658    0000003c     release_pem4f.oem4f (.const:ti_sysbios_knl_Task_Object__PARAMS__C)
                  00006694    00000030     GPIO_MSP432.obj (.const:GPIO_PORT_TO_BASE)
                  000066c4    00000028     release_pem4f.oem4f (.const:ti_sysbios_heaps_HeapMem_Module__FXNS__C)
                  000066ec    00000024     release_pem4f.oem4f (.const:ti_sysbios_gates_GateHwi_Module__FXNS__C)
                  00006710    00000024     release_pem4f.oem4f (.const:ti_sysbios_gates_GateMutex_Module__FXNS__C)
                  00006734    00000024     release_pem4f.oem4f (.const:ti_sysbios_heaps_HeapMem_Object__PARAMS__C)
                  00006758    00000024     release_pem4f.oem4f (.const:ti_sysbios_knl_Semaphore_Object__PARAMS__C)
                  0000677c    00000024     release_pem4f.oem4f (.const:xdc_runtime_Startup_sfxnTab__A)
                  000067a0    00000020     release_pem4f.oem4f (.const:ti_sysbios_gates_GateHwi_Object__DESC__C)
                  000067c0    00000020     release_pem4f.oem4f (.const:ti_sysbios_gates_GateMutex_Object__DESC__C)
                  000067e0    00000020     release_pem4f.oem4f (.const:ti_sysbios_heaps_HeapMem_Object__DESC__C)
                  00006800    00000020     release_pem4f.oem4f (.const:ti_sysbios_knl_Queue_Object__DESC__C)
                  00006820    00000020     release_pem4f.oem4f (.const:ti_sysbios_knl_Semaphore_Object__DESC__C)
                  00006840    00000020     release_pem4f.oem4f (.const:ti_sysbios_knl_Task_Object__DESC__C)
                  00006860    00000018     release_pem4f.oem4f (.const:ti_sysbios_gates_GateHwi_Object__PARAMS__C)
                  00006878    00000018     release_pem4f.oem4f (.const:ti_sysbios_gates_GateMutex_Object__PARAMS__C)
                  00006890    00000018     release_pem4f.oem4f (.const:ti_sysbios_knl_Queue_Object__PARAMS__C)
                  000068a8    00000018     release_pem4f.oem4f (.const:ti_sysbios_knl_Task_hooks__A)
                  000068c0    00000012     release_pem4f.oem4f (.const:xdc_runtime_Startup_sfxnRts__A)
                  000068d2    00000002     release_pem4f.oem4f (.const:ti_sysbios_family_arm_msp432_init_Boot_bypassLFXT__C)
                  000068d4    0000000c     UART_MSP432.obj (.const:BRFX)
                  000068e0    0000000c     UART_MSP432.obj (.const:BRS)
                  000068ec    0000000c     UART_MSP432.obj (.const:BRX)
                  000068f8    0000000c     release_pem4f.oem4f (.const:xdc_runtime_Startup_firstFxns__A)
                  00006904    00000008     INT_MSP432.obj (.const:g_pulEnRegs)
                  0000690c    00000008     release_pem4f.oem4f (.const:ti_sysbios_knl_Idle_funcList__A)
                  00006914    00000008     release_pem4f.oem4f (.const:ti_sysbios_knl_Idle_funcList__C)
                  0000691c    00000008     release_pem4f.oem4f (.const:ti_sysbios_knl_Task_hooks__C)
                  00006924    00000008     release_pem4f.oem4f (.const:xdc_runtime_Startup_firstFxns__C)
                  0000692c    00000008     release_pem4f.oem4f (.const:xdc_runtime_Startup_lastFxns__C)
                  00006934    00000004     release_pem4f.oem4f (.const:ti_sysbios_family_arm_m3_Hwi_NUM_INTERRUPTS__C)
                  00006938    00000004     release_pem4f.oem4f (.const:ti_sysbios_family_arm_m3_Hwi_Object__count__C)
                  0000693c    00000004     release_pem4f.oem4f (.const:ti_sysbios_family_arm_m3_Hwi_Object__table__C)
                  00006940    00000004     release_pem4f.oem4f (.const:ti_sysbios_family_arm_m3_Hwi_ccr__C)
                  00006944    00000004     release_pem4f.oem4f (.const:ti_sysbios_family_arm_m3_Hwi_excHandlerFunc__C)
                  00006948    00000004     release_pem4f.oem4f (.const:ti_sysbios_family_arm_m3_Hwi_nullIsrFunc__C)
                  0000694c    00000004     release_pem4f.oem4f (.const:ti_sysbios_family_arm_m3_Hwi_priGroup__C)
                  00006950    00000004     release_pem4f.oem4f (.const:ti_sysbios_family_arm_m3_TaskSupport_stackAlignment__C)
                  00006954    00000004     release_pem4f.oem4f (.const:ti_sysbios_family_arm_msp432_Timer_numTimerDevices__C)
                  00006958    00000004     release_pem4f.oem4f (.const:ti_sysbios_family_arm_msp432_Timer_startupNeeded__C)
                  0000695c    00000004     release_pem4f.oem4f (.const:ti_sysbios_gates_GateMutex_Instance_State_sem__O)
                  00006960    00000004     release_pem4f.oem4f (.const:ti_sysbios_heaps_HeapMem_E_memory__C)
                  00006964    00000004     release_pem4f.oem4f (.const:ti_sysbios_heaps_HeapMem_Module__gateObj__C)
                  00006968    00000004     release_pem4f.oem4f (.const:ti_sysbios_heaps_HeapMem_Object__count__C)
                  0000696c    00000004     release_pem4f.oem4f (.const:ti_sysbios_heaps_HeapMem_Object__table__C)
                  00006970    00000004     release_pem4f.oem4f (.const:ti_sysbios_heaps_HeapMem_primaryHeapBaseAddr__C)
                  00006974    00000004     release_pem4f.oem4f (.const:ti_sysbios_heaps_HeapMem_primaryHeapEndAddr__C)
                  00006978    00000004     release_pem4f.oem4f (.const:ti_sysbios_heaps_HeapMem_reqAlign__C)
                  0000697c    00000004     release_pem4f.oem4f (.const:ti_sysbios_knl_Clock_Module_State_clockQ__O)
                  00006980    00000004     release_pem4f.oem4f (.const:ti_sysbios_knl_Clock_tickPeriod__C)
                  00006984    00000004     release_pem4f.oem4f (.const:ti_sysbios_knl_Mailbox_Instance_State_freeQue__O)
                  00006988    00000004     release_pem4f.oem4f (.const:ti_sysbios_knl_Mailbox_Object__count__C)
                  0000698c    00000004     release_pem4f.oem4f (.const:ti_sysbios_knl_Mailbox_maxTypeAlign__C)
                  00006990    00000004     release_pem4f.oem4f (.const:ti_sysbios_knl_Semaphore_Instance_State_pendQ__O)
                  00006994    00000004     release_pem4f.oem4f (.const:ti_sysbios_knl_Swi_Object__count__C)
                  00006998    00000004     release_pem4f.oem4f (.const:ti_sysbios_knl_Swi_Object__table__C)
                  0000699c    00000004     release_pem4f.oem4f (.const:ti_sysbios_knl_Task_Module_State_inactiveQ__O)
                  000069a0    00000004     release_pem4f.oem4f (.const:ti_sysbios_knl_Task_Object__count__C)
                  000069a4    00000004     release_pem4f.oem4f (.const:ti_sysbios_knl_Task_Object__heap__C)
                  000069a8    00000004     release_pem4f.oem4f (.const:ti_sysbios_knl_Task_Object__table__C)
                  000069ac    00000004     release_pem4f.oem4f (.const:ti_sysbios_knl_Task_allBlockedFunc__C)
                  000069b0    00000004     release_pem4f.oem4f (.const:ti_sysbios_knl_Task_defaultStackHeap__C)
                  000069b4    00000004     release_pem4f.oem4f (.const:ti_sysbios_knl_Task_defaultStackSize__C)
                  000069b8    00000004     release_pem4f.oem4f (.const:ti_sysbios_knl_Task_numConstructedTasks__C)
                  000069bc    00000004     release_pem4f.oem4f (.const:xdc_runtime_Error_E_memory__C)
                  000069c0    00000004     release_pem4f.oem4f (.const:xdc_runtime_Error_policyFxn__C)
                  000069c4    00000004     release_pem4f.oem4f (.const:xdc_runtime_IGateProvider_Interface__BASE__C)
                  000069c8    00000004     release_pem4f.oem4f (.const:xdc_runtime_IHeap_Interface__BASE__C)
                  000069cc    00000004     release_pem4f.oem4f (.const:xdc_runtime_IModule_Interface__BASE__C)
                  000069d0    00000004     release_pem4f.oem4f (.const:xdc_runtime_Memory_defaultHeapInstance__C)
                  000069d4    00000004     release_pem4f.oem4f (.const:xdc_runtime_Startup_execImpl__C)
                  000069d8    00000004     release_pem4f.oem4f (.const:xdc_runtime_Startup_maxPasses__C)
                  000069dc    00000004     release_pem4f.oem4f (.const:xdc_runtime_Startup_sfxnRts__C)
                  000069e0    00000004     release_pem4f.oem4f (.const:xdc_runtime_Startup_sfxnTab__C)
                  000069e4    00000004     release_pem4f.oem4f (.const:xdc_runtime_Startup_startModsFxn__C)
                  000069e8    00000004     release_pem4f.oem4f (.const:xdc_runtime_SysCallback_abortFxn__C)
                  000069ec    00000004     release_pem4f.oem4f (.const:xdc_runtime_SysCallback_exitFxn__C)
                  000069f0    00000004     release_pem4f.oem4f (.const:xdc_runtime_System_Module__gateObj__C)
                  000069f4    00000004     release_pem4f.oem4f (.const:xdc_runtime_System_abortFxn__C)
                  000069f8    00000004     release_pem4f.oem4f (.const:xdc_runtime_System_exitFxn__C)
                  000069fc    00000004     release_pem4f.oem4f (.const:xdc_runtime_System_maxAtexitHandlers__C)
                  00006a00    00000004     release_pem4f.oem4f (.const:xdc_runtime_Text_nameUnknown__C)
                  00006a04    00000002     release_pem4f.oem4f (.const:ti_sysbios_family_arm_msp432_init_Boot_enableHFXT__C)
                  00006a06    00000002     release_pem4f.oem4f (.const:ti_sysbios_family_arm_msp432_init_Boot_enableLFXT__C)
                  00006a08    00000002     release_pem4f.oem4f (.const:ti_sysbios_heaps_HeapMem_Module__id__C)
                  00006a0a    00000002     release_pem4f.oem4f (.const:xdc_runtime_Memory_Module__id__C)

.cinit     0    00006a10    00000230     
                  00006a10    000001fc     (.cinit..data.load) [load image, compression = lzss]
                  00006c0c    0000000c     (__TI_handler_table)
                  00006c18    00000008     (.cinit..bss.load) [load image, compression = zero_init]
                  00006c20    00000008     (.cinit..vtable.load) [load image, compression = zero_init]
                  00006c28    00000018     (__TI_cinit_table)

.init_array 
*          0    00000000    00000000     UNINITIALIZED

.data      0    20000140    00000654     UNINITIALIZED
                  20000140    000000f0     rtsv7M4_T_le_v4SPD16_eabi.lib : defs.c.obj (.data:_ftable)
                  20000230    00000088     sysbios.aem4f : BIOS.obj (.data:$O1$$)
                  200002b8    00000080     release_pem4f.oem4f (.data:ti_sysbios_knl_Swi_Module_State_0_readyQ__A)
                  20000338    00000080     release_pem4f.oem4f (.data:ti_sysbios_knl_Task_Module_State_0_readyQ__A)
                  200003b8    00000078     rtsv7M4_T_le_v4SPD16_eabi.lib : host_device.c.obj (.data:_device)
                  20000430    00000054     release_pem4f.oem4f (.data:ti_sysbios_gates_GateMutex_Object__table__V)
                  20000484    00000050     rtsv7M4_T_le_v4SPD16_eabi.lib : host_device.c.obj (.data:_stream)
                  200004d4    0000004c     release_pem4f.oem4f (.data:ti_sysbios_knl_Task_Object__table__V)
                  20000520    00000044     release_pem4f.oem4f (.data:ti_sysbios_family_arm_msp432_Timer_Object__table__V)
                  20000564    00000044     release_pem4f.oem4f (.data:ti_sysbios_knl_Task_Module__state__V)
                  200005a8    00000034     release_pem4f.oem4f (.data:ti_sysbios_family_arm_m3_Hwi_Module__state__V)
                  200005dc    00000030     release_pem4f.oem4f (.data:ti_sysbios_knl_Swi_Object__table__V)
                  2000060c    0000002c     release_pem4f.oem4f (.data:ti_sysbios_knl_Clock_Module__state__V)
                  20000638    00000024     release_pem4f.oem4f (.data:ti_sysbios_BIOS_Module__state__V)
                  2000065c    00000020     release_pem4f.oem4f (.data:ti_sysbios_family_arm_msp432_Timer_Module_State_0_device__A)
                  2000067c    00000020     release_pem4f.oem4f (.data:xdc_runtime_Error_IgnoreBlock)
                  2000069c    0000001c     release_pem4f.oem4f (.data:ti_sysbios_knl_Swi_Module__state__V)
                  200006b8    00000018     release_pem4f.oem4f (.data:ti_sysbios_family_arm_m3_Hwi_Object__table__V)
                  200006d0    00000018     release_pem4f.oem4f (.data:ti_sysbios_heaps_HeapMem_Object__table__V)
                  200006e8    00000010     rtsv7M4_T_le_v4SPD16_eabi.lib : defs.c.obj (.data)
                  200006f8    00000010     release_pem4f.oem4f (.data:ti_sysbios_family_arm_msp432_Timer_Module_State_0_handles__A)
                  20000708    0000000c     rtsv7M4_T_le_v4SPD16_eabi.lib : exit.c.obj (.data:$O1$$)
                  20000714    0000000c     release_pem4f.oem4f (.data:ti_sysbios_family_arm_msp432_Timer_Module__state__V)
                  20000720    00000008     rtsv7M4_T_le_v4SPD16_eabi.lib : _lock.c.obj (.data:$O1$$)
                  20000728    00000008     release_pem4f.oem4f (.data:ti_sysbios_gates_GateHwi_Module__root__V)
                  20000730    00000008     release_pem4f.oem4f (.data:ti_sysbios_gates_GateMutex_Module__root__V)
                  20000738    00000008     release_pem4f.oem4f (.data:ti_sysbios_heaps_HeapMem_Module__root__V)
                  20000740    00000008     release_pem4f.oem4f (.data:ti_sysbios_knl_Queue_Module__root__V)
                  20000748    00000008     release_pem4f.oem4f (.data:ti_sysbios_knl_Semaphore_Module__root__V)
                  20000750    00000008     release_pem4f.oem4f (.data:ti_sysbios_knl_Task_Module__root__V)
                  20000758    00000008     release_pem4f.oem4f (.data:xdc_runtime_Startup_Module__state__V)
                  20000760    00000008     release_pem4f.oem4f (.data:xdc_runtime_System_Module_State_0_atexitHandlers__A)
                  20000768    00000008     release_pem4f.oem4f (.data:xdc_runtime_System_Module__state__V)
                  20000770    00000005     system_functions.obj (.data)
                  20000775    00000001     --HOLE--
                  20000776    00000002     release_pem4f.oem4f (.data:ti_sysbios_family_arm_m3_Hwi_Module_State_0_excActive__A)
                  20000778    00000004     rtsv7M4_T_le_v4SPD16_eabi.lib : stkdepth_vars.c.obj (.data)
                  2000077c    00000004     release_pem4f.oem4f (.data:ti_sysbios_family_arm_m3_Hwi_Module_State_0_excContext__A)
                  20000780    00000004     release_pem4f.oem4f (.data:ti_sysbios_family_arm_m3_Hwi_Module_State_0_excStack__A)
                  20000784    00000004     release_pem4f.oem4f (.data:ti_sysbios_gates_GateHwi_Object__table__V)
                  20000788    00000004     release_pem4f.oem4f (.data:ti_sysbios_knl_Task_Module_State_0_idleTask__A)
                  2000078c    00000004     release_pem4f.oem4f (.data:ti_sysbios_rts_ti_ReentSupport_Module__state__V)
                  20000790    00000004     release_pem4f.oem4f (.data:xdc_runtime_Memory_Module__state__V)

.bss       0    20000798    0000050c     UNINITIALIZED
                  20000798    00000200     release_pem4f.oem4f (.bss:taskStackSection)
                  20000998    00000140     (.common:ti_sysbios_family_arm_m3_Hwi_dispatchTable)
                  20000ad8    00000120     rtsv7M4_T_le_v4SPD16_eabi.lib : trgmsg.c.obj (.bss:_CIOBUF_)
                  20000bf8    000000a0     (.common:__TI_tmpnams)
                  20000c98    00000008     (.common:parmbuf)
                  20000ca0    00000004     (.common:ti_sysbios_knl_Task_Instance_State_0_hookEnv__A)

.vtable    0    20001000    000000e8     UNINITIALIZED
                  20001000    000000e8     INT_MSP432.obj (.vtable)

.priheap   0    200010e8    00004000     UNINITIALIZED
                  200010e8    00004000     --HOLE--

.stack     0    2000fc00    00000400     UNINITIALIZED
                  2000fc00    00000400     --HOLE--

.bootVecs 
*          0    00000000    00000008     DSECT
                  00000000    00000008     boot.aem4f : boot.oem4f (.bootVecs)

.resetVecs 
*          0    00000000    0000003c     
                  00000000    0000003c     release_pem4f.oem4f (.resetVecs)

.vecs      0    20000000    00000140     NOLOAD SECTION
                  20000000    00000140     release_pem4f.oem4f (.vecs)

xdc.meta   0    00000000    000000e4     COPY SECTION
                  00000000    000000e4     release_pem4f.oem4f (xdc.meta)

xdc.noload 
*          0    00000000    00000000     COPY SECTION

__llvm_prf_cnts 
*          0    20000000    00000000     UNINITIALIZED

.binit     0    00000000    00000000     

MODULE SUMMARY

       Module                       code    ro data   rw data
       ------                       ----    -------   -------
    ./
       system_functions.obj         852     0         10     
       system_Thread.obj            188     0         0      
       Threads.obj                  100     0         0      
    +--+----------------------------+-------+---------+---------+
       Total:                       1140    0         10     
                                                             
    ./Drivers/
       UART_MSP432.obj              680     36        0      
       INT_MSP432.obj               220     8         464    
       GPIO_MSP432.obj              296     48        0      
       TIMER32_MSP432.obj           92      0         0      
    +--+----------------------------+-------+---------+---------+
       Total:                       1288    92        464    
                                                             
    ./aux_files/
       system_msp432p401r.obj       202     0         0      
    +--+----------------------------+-------+---------+---------+
       Total:                       202     0         0      
                                                             
    /home/marco/ti/workspace_v12/U2Laboratorio_2/Debug/configPkg/package/cfg/
       release_pem4f.oem4f          2086    991       4308   
    +--+----------------------------+-------+---------+---------+
       Total:                       2086    991       4308   
                                                             
    /home/marco/ti/ccs/ccs1240/ccs/tools/compiler/ti-cgt-arm_20.2.7.LTS/lib/rtsv7M4_T_le_v4SPD16_eabi.lib
       _printfi.c.obj               4851    0         0      
       defs.c.obj                   0       0         832    
       trgmsg.c.obj                 108     0         576    
       fd_add_t2.asm.obj            438     0         0      
       host_device.c.obj            0       0         400    
       fd_div_t2.asm.obj            310     0         0      
       fputs.c.obj                  276     0         0      
       s_scalbn.c.obj               272     0         0      
       fd_cmp_t2.asm.obj            268     0         0      
       ctype.c.obj                  0       257       0      
       fd_mul_t2.asm.obj            252     0         0      
       setvbuf.c.obj                220     0         0      
       memcpy_t2.asm.obj            156     0         0      
       ull_div_t2.asm.obj           150     0         0      
       fputc.c.obj                  140     0         0      
       memset_t2.asm.obj            122     0         0      
       fclose.c.obj                 116     0         0      
       getdevice.c.obj              116     0         0      
       hostopen.c.obj               96      0         16     
       printf.c.obj                 112     0         0      
       hostrename.c.obj             108     0         0      
       copy_decompress_lzss.c.obj   104     0         0      
       hostlseek.c.obj              104     0         0      
       exit.c.obj                   76      0         24     
       fseek.c.obj                  100     0         0      
       s_frexp.c.obj                100     0         0      
       _io_perm.c.obj               98      0         0      
       close.c.obj                  92      0         0      
       hostread.c.obj               88      0         0      
       hostwrite.c.obj              88      0         0      
       _ltoa.c.obj                  84      0         0      
       atoi.c.obj                   76      0         0      
       cpy_tbl.c.obj                76      0         0      
       fflush.c.obj                 76      0         0      
       fd_toi_t2.asm.obj            72      0         0      
       hostclose.c.obj              68      0         0      
       hostunlink.c.obj             68      0         0      
       strncpy.c.obj                54      0         0      
       fopen.c.obj                  52      0         0      
       i_tofd_t2.asm.obj            46      0         0      
       unlink.c.obj                 44      0         0      
       _lock.c.obj                  26      0         16     
       lseek.c.obj                  40      0         0      
       write.c.obj                  40      0         0      
       memchr.c.obj                 32      0         0      
       memccpy.c.obj                28      0         0      
       s_copysign.c.obj             26      0         0      
       args_main.c.obj              24      0         0      
       strcmp.c.obj                 24      0         0      
       strchr.c.obj                 22      0         0      
       strcpy.c.obj                 20      0         0      
       strlen.c.obj                 20      0         0      
       wcslen.c.obj                 18      0         0      
       copy_decompress_none.c.obj   14      0         0      
       copy_zero_init.c.obj         12      0         0      
       stkdepth_vars.c.obj          0       0         8      
       div0.asm.obj                 2       0         0      
    +--+----------------------------+-------+---------+---------+
       Total:                       10025   257       1872   
                                                             
    /home/marco/ti/simplelink_msp432p4_sdk_3_40_01_02/kernel/tirtos/packages/ti/targets/arm/rtsarm/lib/auto_init.aem4f
       auto_init.oem4f              160     0         0      
    +--+----------------------------+-------+---------+---------+
       Total:                       160     0         0      
                                                             
    /home/marco/ti/simplelink_msp432p4_sdk_3_40_01_02/kernel/tirtos/packages/ti/targets/arm/rtsarm/lib/boot.aem4f
       boot.oem4f                   88      0         0      
    +--+----------------------------+-------+---------+---------+
       Total:                       88      0         0      
                                                             
    /home/marco/ti/simplelink_msp432p4_sdk_3_40_01_02/source/ti/devices/msp432p4xx/driverlib/ccs/msp432p4xx_driverlib.lib
       pcm.o                        1770    0         0      
       rtc_c.o                      44      0         0      
       wdt_a.o                      36      0         0      
       cpu.o                        4       0         0      
    +--+----------------------------+-------+---------+---------+
       Total:                       1854    0         0      
                                                             
    /home/marco/ti/workspace_v12/U2Laboratorio_2/aux_files/src/sysbios/sysbios.aem4f
       BIOS.obj                     8042    0         272    
       m3_Hwi_asm.obj               318     0         0      
       m3_TaskSupport_asm.obj       180     0         0      
       m3_Hwi_asm_switch.obj        118     0         0      
    +--+----------------------------+-------+---------+---------+
       Total:                       8658    0         272    
                                                             
       Stack:                       0       0         2048   
       Linker Generated:            0       560       0      
    +--+----------------------------+-------+---------+---------+
       Grand Total:                 25501   1900      8974   


LINKER GENERATED COPY TABLES

__TI_cinit_table @ 00006c28 records: 3, size/record: 8, table size: 24
	.data: load addr=00006a10, load size=000001fc bytes, run addr=20000140, run size=00000654 bytes, compression=lzss
	.bss: load addr=00006c18, load size=00000008 bytes, run addr=20000798, run size=0000050c bytes, compression=zero_init
	.vtable: load addr=00006c20, load size=00000008 bytes, run addr=20001000, run size=000000e8 bytes, compression=zero_init


LINKER GENERATED HANDLER TABLE

__TI_handler_table @ 00006c0c records: 3, size/record: 4, table size: 12
	index: 0, handler: __TI_zero_init
	index: 1, handler: __TI_decompress_lzss
	index: 2, handler: __TI_decompress_none


GLOBAL SYMBOLS: SORTED ALPHABETICALLY BY Name 

address   name                                                            
-------   ----                                                            
000068d4  BRFX                                                            
000068e0  BRS                                                             
000068ec  BRX                                                             
00002f95  C$$EXIT                                                         
000050bb  C$$IO$$                                                         
0000275d  CPU_wfi                                                         
000052ad  GPIO_getInputPinValue                                           
00003af5  GPIO_init_board                                                 
000030c5  GPIO_setOutput                                                  
00004000  HEAPSIZE                                                        
00004c71  HOSTclose                                                       
00003b5d  HOSTlseek                                                       
00003fc9  HOSTopen                                                        
00004439  HOSTread                                                        
00003a19  HOSTrename                                                      
00004cb5  HOSTunlink                                                      
00004491  HOSTwrite                                                       
00003745  Int_enableInterrupt                                             
000041a9  Int_registerInterrupt                                           
00004149  PCM_getCoreVoltageLevel                                         
000043dd  PCM_getPowerMode                                                
00006051  PCM_getPowerState                                               
00005855  PCM_gotoLPM0                                                    
000035b1  PCM_gotoLPM3                                                    
0000615d  PCM_gotoLPM4                                                    
0000616d  PCM_setPowerMode                                                
0000617d  PCM_setPowerState                                               
000046a1  PCM_shutdownDevice                                              
0000130f  Power_idleFunc                                                  
0000566d  RTC_C_holdClock                                                 
UNDEFED   SHT$$INIT_ARRAY$$Base                                           
UNDEFED   SHT$$INIT_ARRAY$$Limit                                          
00002831  SystemInit                                                      
00006411  System_InicialiceIO                                             
00006419  System_InicialiceUART                                           
000029bd  System_Thread                                                   
000062e1  T32_ClearInterruptFlag1                                         
000059e9  T32_Configure1                                                  
000062ed  T32_EnableInterrupt1                                            
000062f9  T32_EnableTimer1                                                
00006065  T32_SetLoadValue1                                               
000024c1  Timer32_INT1                                                    
00005e91  UART_B_char_IE                                                  
00005ea9  UART_E_char_IE                                                  
000044e9  UART_clck_source                                                
00005ec1  UART_data_bits                                                  
00005fe1  UART_den                                                        
00005ff7  UART_en                                                         
00003bc5  UART_init                                                       
00005ed9  UART_mode                                                       
00005a0d  UART_putsf                                                      
00005171  UART_sendByte                                                   
00004541  UART_set_baud_rate                                              
000052dd  UART_set_location_pin                                           
00005ef1  UART_set_oversampling                                           
000051a5  UART_set_parity                                                 
00005f09  UART_set_stop_bits                                              
00005f21  UART_set_transmision_dir                                        
4000480c  WDTCTL_SYM                                                      
00005a31  WDT_A_holdTimer                                                 
00000000  __ASM__                                                         
20000ad8  __CIOBUF_                                                       
00000065  __ISA__                                                         
00000078  __PLAT__                                                        
20010000  __STACK_END                                                     
00000400  __STACK_SIZE                                                    
0000009b  __TARG__                                                        
00006c28  __TI_CINIT_Base                                                 
00006c40  __TI_CINIT_Limit                                                
00006c0c  __TI_Handler_Table_Base                                         
00006c18  __TI_Handler_Table_Limit                                        
00002d2d  __TI_auto_init                                                  
000051d9  __TI_cleanup                                                    
20000708  __TI_cleanup_ptr                                                
000038c5  __TI_closefile                                                  
00003c2d  __TI_decompress_lzss                                            
000062a1  __TI_decompress_none                                            
00004841  __TI_doflush                                                    
2000070c  __TI_dtors_ptr                                                  
20000710  __TI_enable_exit_profile_output                                 
200006e8  __TI_ft_end                                                     
000046f5  __TI_ltoa                                                       
ffffffff  __TI_pprof_out_hndl                                             
00000041  __TI_printfi                                                    
ffffffff  __TI_prof_data_size                                             
ffffffff  __TI_prof_data_start                                            
0000520d  __TI_readmsg                                                    
00006a10  __TI_static_base__                                              
20000bf8  __TI_tmpnams                                                    
0000508d  __TI_writemsg                                                   
00003f65  __TI_wrt_ok                                                     
0000631d  __TI_zero_init                                                  
000000c1  __TRDR__                                                        
0000341d  __aeabi_cdcmpeq                                                 
0000341d  __aeabi_cdcmple                                                 
000034a3  __aeabi_cdrcmple                                                
00004b4d  __aeabi_d2iz                                                    
00001163  __aeabi_dadd                                                    
00001721  __aeabi_ddiv                                                    
000020ed  __aeabi_dmul                                                    
00001159  __aeabi_dsub                                                    
000064b9  __aeabi_errno_addr                                              
0000563f  __aeabi_i2d                                                     
00002b2f  __aeabi_idiv0                                                   
00002b2f  __aeabi_ldiv0                                                   
00003849  __aeabi_memclr                                                  
00003849  __aeabi_memclr4                                                 
00003849  __aeabi_memclr8                                                 
00002dcd  __aeabi_memcpy                                                  
00002dcd  __aeabi_memcpy4                                                 
00002dcd  __aeabi_memcpy8                                                 
0000384b  __aeabi_memset                                                  
0000384b  __aeabi_memset4                                                 
0000384b  __aeabi_memset8                                                 
200006f4  __aeabi_stderr                                                  
200006ec  __aeabi_stdin                                                   
200006f0  __aeabi_stdout                                                  
00002e69  __aeabi_uldivmod                                                
ffffffff  __binit__                                                       
ffffffff  __c_args__                                                      
200050e8  __primary_heap_end__                                            
200010e8  __primary_heap_start__                                          
2000fc00  __stack                                                         
20000000  __start___llvm_prf_cnts                                         
20000000  __stop___llvm_prf_cnts                                          
00005f39  _args_main                                                      
00004599  _c_int00                                                        
0000650c  _ctypes_                                                        
200003b8  _device                                                         
20000140  _ftable                                                         
20000720  _lock                                                           
00001857  _nop                                                            
00005699  _pthread_cleanupFxn                                             
00006109  _pthread_cleanup_pop                                            
00002f01  _pthread_removeThreadKeys                                       
00006305  _register_lock                                                  
00006311  _register_unlock                                                
20000484  _stream                                                         
20000724  _unlock                                                         
00002f95  abort                                                           
0000488d  atoi                                                            
ffffffff  binit                                                           
00003155  cambioDeColor                                                   
00004205  close                                                           
20000771  contadorApago                                                   
20000770  contadorEstado                                                  
20000772  contadorSeg                                                     
000048d9  copy_in                                                         
00005e45  copysign                                                        
00005e45  copysignl                                                       
20000773  estado                                                          
00004b05  exit                                                            
0000530d  finddevice                                                      
00003279  fputc                                                           
00001aad  fputs                                                           
0000587d  free                                                            
00003d69  frexp                                                           
00003d69  frexpl                                                          
00003dcd  fseek                                                           
[...]
00005fc9  xdc_runtime_System_exit__E                                      
00005fe1  UART_den                                                        
00005ff7  UART_en                                                         
0000600d  strchr                                                          
00006023  ti_sysbios_BIOS_exitFunc__I                                     
00006039  ti_sysbios_knl_Task_unblock__E                                  
00006051  PCM_getPowerState                                               
00006065  T32_SetLoadValue1                                               
00006079  pthread_attr_setschedparam                                      
0000608d  strcpy                                                          
000060a1  strlen                                                          
000060b9  ti_sysbios_family_arm_m3_Hwi_switchFromBootStack__E             
000060cd  ti_sysbios_hal_Hwi_HwiProxy_getStackInfo__E                     
000060cd  ti_sysbios_hal_Hwi_getStackInfo__E                              
000060f5  xdc_runtime_Memory_HeapProxy_free__E                            
00006109  _pthread_cleanup_pop                                            
00006139  ti_sysbios_hal_Hwi_Module_startup__E                            
0000614b  wcslen                                                          
0000615d  PCM_gotoLPM4                                                    
0000616d  PCM_setPowerMode                                                
0000617d  PCM_setPowerState                                               
0000618d  ti_sysbios_BIOS_RtsGateProxy_leave__E                           
000061a1  ti_sysbios_BIOS_exit__E                                         
000061b1  ti_sysbios_BIOS_setThreadType__E                                
000061c1  ti_sysbios_BIOS_start__E                                        
000061d1  ti_sysbios_family_arm_m3_TaskSupport_glue                       
000061e1  ti_sysbios_family_arm_msp432_init_Boot_disableWatchdog          
000061f1  ti_sysbios_gates_GateMutex_Instance_finalize__E                 
00006201  ti_sysbios_heaps_HeapMem_Module_GateProxy_leave__E              
00006211  ti_sysbios_knl_Semaphore_Instance_finalize__E                   
00006221  ti_sysbios_knl_Swi_disable__E                                   
00006231  ti_sysbios_knl_Task_SupportProxy_swap__E                        
00006241  ti_sysbios_knl_Task_disable__E                                  
00006251  xdc_runtime_Gate_leaveSystem__E                                 
00006261  xdc_runtime_Memory_free__E                                      
00006271  xdc_runtime_SysCallback_abort__E                                
00006281  xdc_runtime_SysCallback_exit__E                                 
00006291  xdc_runtime_System_Module_GateProxy_leave__E                    
000062a1  __TI_decompress_none                                            
000062b1  pthread_attr_setdetachstate                                     
000062c1  ti_sysbios_knl_Idle_loop__E                                     
000062d1  ti_sysbios_knl_Queue_empty__E                                   
000062e1  T32_ClearInterruptFlag1                                         
000062ed  T32_EnableInterrupt1                                            
000062f9  T32_EnableTimer1                                                
00006305  _register_lock                                                  
00006311  _register_unlock                                                
0000631d  __TI_zero_init                                                  
00006329  malloc                                                          
00006339  pthread_self                                                    
00006345  ti_sysbios_BIOS_RtsGateProxy_enter__E                           
00006351  ti_sysbios_family_arm_m3_TaskSupport_getStackAlignment__E       
00006361  ti_sysbios_family_arm_msp432_Timer_getMaxTicks__E               
00006371  ti_sysbios_gates_GateHwi_enter__E                               
0000637d  ti_sysbios_heaps_HeapMem_Module_GateProxy_enter__E              
00006389  ti_sysbios_heaps_HeapMem_Module_GateProxy_query__E              
00006395  ti_sysbios_knl_Clock_TimerProxy_getMaxTicks__E                  
000063a1  ti_sysbios_knl_Task_delete                                      
000063b1  ti_sysbios_knl_Task_self__E                                     
000063c1  ti_sysbios_rts_ti_ReentSupport_taskRegHook__I                   
000063d1  xdc_runtime_Gate_enterSystem__E                                 
000063e1  xdc_runtime_Startup_rtsDone__E                                  
000063ed  xdc_runtime_System_Module_GateProxy_enter__E                    
000063f9  xdc_runtime_System_SupportProxy_abort__E                        
00006405  xdc_runtime_System_SupportProxy_exit__E                         
00006411  System_InicialiceIO                                             
00006419  System_InicialiceUART                                           
00006421  pthread_attr_setstacksize                                       
00006429  ti_sysbios_family_arm_m3_Hwi_Module__startupDone__S             
00006431  ti_sysbios_family_arm_m3_Hwi_doSwiRestore__I                    
00006439  ti_sysbios_family_arm_m3_Hwi_startup__E                         
00006441  ti_sysbios_family_arm_msp432_Timer_Module__startupDone__S       
00006449  ti_sysbios_hal_Hwi_HwiProxy_Module__startupDone__S              
00006451  ti_sysbios_hal_Hwi_HwiProxy_startup__E                          
00006451  ti_sysbios_hal_Hwi_startup__E                                   
00006459  ti_sysbios_hal_Hwi_HwiProxy_switchFromBootStack__E              
00006459  ti_sysbios_hal_Hwi_switchFromBootStack__E                       
00006461  ti_sysbios_knl_Clock_TimerProxy_Module__startupDone__S          
00006469  ti_sysbios_knl_Task_SupportProxy_Module__startupDone__S         
00006471  ti_sysbios_knl_Task_SupportProxy_getStackAlignment__E           
00006479  ti_sysbios_rts_ti_ReentSupport_getReent__E                      
00006481  xdc_runtime_Startup_reset__I                                    
00006489  ti_sysbios_family_arm_m3_Hwi_doTaskRestore__I                   
00006491  ti_sysbios_gates_GateHwi_leave__E                               
00006499  ti_sysbios_heaps_HeapMem_isBlocking__E                          
000064a1  ti_sysbios_knl_Queue_Instance_init__E                           
000064a9  ti_sysbios_knl_Swi_startup__E                                   
000064b1  xdc_runtime_System_Module_startup__E                            
000064b9  __aeabi_errno_addr                                              
000064c1  ti_sysbios_gates_GateHwi_query__E                               
000064c9  ti_sysbios_gates_GateMutex_query__E                             
000064d1  ti_sysbios_knl_Task_startup__E                                  
000064d9  ti_sysbios_BIOS_linkedWithIncorrectBootLibrary__E               
000064e1  ti_sysbios_gates_GateHwi_Instance_init__E                       
000064e9  ti_sysbios_knl_Clock_logTick__E                                 
000064f1  xdc_runtime_SysCallback_defaultAbort                            
000064f9  xdc_runtime_SysCallback_defaultExit                             
00006501  xdc_runtime_System_abortSpin__E                                 
00006509  xdc_runtime_System_exitSpin__E                                  
0000650c  _ctypes_                                                        
0000660d  xdc_runtime_Error_policy__C                                     
0000660e  ti_sysbios_family_arm_msp432_init_Boot_bypassHFXT__C            
00006658  ti_sysbios_knl_Task_Object__PARAMS__C                           
000066c4  ti_sysbios_heaps_HeapMem_Module__FXNS__C                        
000066ec  ti_sysbios_gates_GateHwi_Module__FXNS__C                        
00006710  ti_sysbios_gates_GateMutex_Module__FXNS__C                      
00006734  ti_sysbios_heaps_HeapMem_Object__PARAMS__C                      
00006758  ti_sysbios_knl_Semaphore_Object__PARAMS__C                      
0000677c  xdc_runtime_Startup_sfxnTab__A                                  
000067a0  ti_sysbios_gates_GateHwi_Object__DESC__C                        
000067c0  ti_sysbios_gates_GateMutex_Object__DESC__C                      
000067e0  ti_sysbios_heaps_HeapMem_Object__DESC__C                        
00006800  ti_sysbios_knl_Queue_Object__DESC__C                            
00006820  ti_sysbios_knl_Semaphore_Object__DESC__C                        
00006840  ti_sysbios_knl_Task_Object__DESC__C                             
00006860  ti_sysbios_gates_GateHwi_Object__PARAMS__C                      
00006878  ti_sysbios_gates_GateMutex_Object__PARAMS__C                    
00006890  ti_sysbios_knl_Queue_Object__PARAMS__C                          
000068a8  ti_sysbios_knl_Task_hooks__A                                    
000068c0  xdc_runtime_Startup_sfxnRts__A                                  
000068d2  ti_sysbios_family_arm_msp432_init_Boot_bypassLFXT__C            
000068d4  BRFX                                                            
000068e0  BRS                                                             
000068ec  BRX                                                             
000068f8  xdc_runtime_Startup_firstFxns__A                                
0000690c  ti_sysbios_knl_Idle_funcList__A                                 
00006914  ti_sysbios_knl_Idle_funcList__C                                 
0000691c  ti_sysbios_knl_Task_hooks__C                                    
00006924  xdc_runtime_Startup_firstFxns__C                                
0000692c  xdc_runtime_Startup_lastFxns__C                                 
00006934  ti_sysbios_family_arm_m3_Hwi_NUM_INTERRUPTS__C                  
00006938  ti_sysbios_family_arm_m3_Hwi_Object__count__C                   
0000693c  ti_sysbios_family_arm_m3_Hwi_Object__table__C                   
00006940  ti_sysbios_family_arm_m3_Hwi_ccr__C                             
00006944  ti_sysbios_family_arm_m3_Hwi_excHandlerFunc__C                  
00006948  ti_sysbios_family_arm_m3_Hwi_nullIsrFunc__C                     
0000694c  ti_sysbios_family_arm_m3_Hwi_priGroup__C                        
00006950  ti_sysbios_family_arm_m3_TaskSupport_stackAlignment__C          
00006954  ti_sysbios_family_arm_msp432_Timer_numTimerDevices__C           
00006958  ti_sysbios_family_arm_msp432_Timer_startupNeeded__C             
0000695c  ti_sysbios_gates_GateMutex_Instance_State_sem__O                
00006960  ti_sysbios_heaps_HeapMem_E_memory__C                            
00006964  ti_sysbios_heaps_HeapMem_Module__gateObj__C                     
00006968  ti_sysbios_heaps_HeapMem_Object__count__C                       
0000696c  ti_sysbios_heaps_HeapMem_Object__table__C                       
00006970  ti_sysbios_heaps_HeapMem_primaryHeapBaseAddr__C                 
00006974  ti_sysbios_heaps_HeapMem_primaryHeapEndAddr__C                  
00006978  ti_sysbios_heaps_HeapMem_reqAlign__C                            
0000697c  ti_sysbios_knl_Clock_Module_State_clockQ__O                     
00006980  ti_sysbios_knl_Clock_tickPeriod__C                              
00006984  ti_sysbios_knl_Mailbox_Instance_State_freeQue__O                
00006988  ti_sysbios_knl_Mailbox_Object__count__C                         
0000698c  ti_sysbios_knl_Mailbox_maxTypeAlign__C                          
00006990  ti_sysbios_knl_Semaphore_Instance_State_pendQ__O                
00006994  ti_sysbios_knl_Swi_Object__count__C                             
00006998  ti_sysbios_knl_Swi_Object__table__C                             
0000699c  ti_sysbios_knl_Task_Module_State_inactiveQ__O                   
000069a0  ti_sysbios_knl_Task_Object__count__C                            
000069a4  ti_sysbios_knl_Task_Object__heap__C                             
000069a8  ti_sysbios_knl_Task_Object__table__C                            
000069ac  ti_sysbios_knl_Task_allBlockedFunc__C                           
000069b0  ti_sysbios_knl_Task_defaultStackHeap__C                         
000069b4  ti_sysbios_knl_Task_defaultStackSize__C                         
000069b8  ti_sysbios_knl_Task_numConstructedTasks__C                      
000069bc  xdc_runtime_Error_E_memory__C                                   
000069c0  xdc_runtime_Error_policyFxn__C                                  
000069c4  xdc_runtime_IGateProvider_Interface__BASE__C                    
000069c8  xdc_runtime_IHeap_Interface__BASE__C                            
000069cc  xdc_runtime_IModule_Interface__BASE__C                          
000069d0  xdc_runtime_Memory_defaultHeapInstance__C                       
000069d4  xdc_runtime_Startup_execImpl__C                                 
000069d8  xdc_runtime_Startup_maxPasses__C                                
000069dc  xdc_runtime_Startup_sfxnRts__C                                  
000069e0  xdc_runtime_Startup_sfxnTab__C                                  
000069e4  xdc_runtime_Startup_startModsFxn__C                             
000069e8  xdc_runtime_SysCallback_abortFxn__C                             
000069ec  xdc_runtime_SysCallback_exitFxn__C                              
000069f0  xdc_runtime_System_Module__gateObj__C                           
000069f4  xdc_runtime_System_abortFxn__C                                  
000069f8  xdc_runtime_System_exitFxn__C                                   
000069fc  xdc_runtime_System_maxAtexitHandlers__C                         
00006a00  xdc_runtime_Text_nameUnknown__C                                 
00006a04  ti_sysbios_family_arm_msp432_init_Boot_enableHFXT__C            
00006a06  ti_sysbios_family_arm_msp432_init_Boot_enableLFXT__C            
00006a08  ti_sysbios_heaps_HeapMem_Module__id__C                          
00006a0a  xdc_runtime_Memory_Module__id__C                                
00006a10  __TI_static_base__                                              
00006c0c  __TI_Handler_Table_Base                                         
00006c18  __TI_Handler_Table_Limit                                        
00006c28  __TI_CINIT_Base                                                 
00006c40  __TI_CINIT_Limit                                                
20000000  __start___llvm_prf_cnts                                         
20000000  __stop___llvm_prf_cnts                                          
20000000  ti_sysbios_family_arm_m3_Hwi_ramVectors                         
20000140  _ftable                                                         
200002b8  ti_sysbios_knl_Swi_Module_State_0_readyQ__A                     
20000338  ti_sysbios_knl_Task_Module_State_0_readyQ__A                    
200003b8  _device                                                         
20000430  ti_sysbios_gates_GateMutex_Object__table__V                     
20000484  _stream                                                         
200004d4  ti_sysbios_knl_Task_Object__table__V                            
20000520  ti_sysbios_family_arm_msp432_Timer_Object__table__V             
20000564  ti_sysbios_knl_Task_Module__state__V                            
200005a8  ti_sysbios_family_arm_m3_Hwi_Module__state__V                   
200005dc  ti_sysbios_knl_Swi_Object__table__V                             
2000060c  ti_sysbios_knl_Clock_Module__state__V                           
20000638  ti_sysbios_BIOS_Module__state__V                                
2000065c  ti_sysbios_family_arm_msp432_Timer_Module_State_0_device__A     
2000067c  xdc_runtime_Error_IgnoreBlock                                   
2000069c  ti_sysbios_knl_Swi_Module__state__V                             
200006b8  ti_sysbios_family_arm_m3_Hwi_Object__table__V                   
200006d0  ti_sysbios_heaps_HeapMem_Object__table__V                       
200006e8  __TI_ft_end                                                     
200006ec  __aeabi_stdin                                                   
200006f0  __aeabi_stdout                                                  
200006f4  __aeabi_stderr                                                  
200006f8  ti_sysbios_family_arm_msp432_Timer_Module_State_0_handles__A    
20000708  __TI_cleanup_ptr                                                
2000070c  __TI_dtors_ptr                                                  
20000710  __TI_enable_exit_profile_output                                 
20000714  ti_sysbios_family_arm_msp432_Timer_Module__state__V             
20000720  _lock                                                           
20000724  _unlock                                                         
20000728  ti_sysbios_gates_GateHwi_Module__root__V                        
20000730  ti_sysbios_gates_GateMutex_Module__root__V                      
20000738  ti_sysbios_heaps_HeapMem_Module__root__V                        
20000740  ti_sysbios_knl_Queue_Module__root__V                            
20000748  ti_sysbios_knl_Semaphore_Module__root__V                        
20000750  ti_sysbios_knl_Task_Module__root__V                             
20000758  xdc_runtime_Startup_Module__state__V                            
20000760  xdc_runtime_System_Module_State_0_atexitHandlers__A             
20000768  xdc_runtime_System_Module__state__V                             
20000770  contadorEstado                                                  
20000771  contadorApago                                                   
20000772  contadorSeg                                                     
20000773  estado                                                          
20000774  prendido                                                        
20000776  ti_sysbios_family_arm_m3_Hwi_Module_State_0_excActive__A        
20000778  main_func_sp                                                    
2000077c  ti_sysbios_family_arm_m3_Hwi_Module_State_0_excContext__A       
20000780  ti_sysbios_family_arm_m3_Hwi_Module_State_0_excStack__A         
20000784  ti_sysbios_gates_GateHwi_Object__table__V                       
20000788  ti_sysbios_knl_Task_Module_State_0_idleTask__A                  
2000078c  ti_sysbios_rts_ti_ReentSupport_Module__state__V                 
20000790  xdc_runtime_Memory_Module__state__V                             
20000798  ti_sysbios_knl_Task_Instance_State_0_stack__A                   
20000998  ti_sysbios_family_arm_m3_Hwi_dispatchTable                      
20000ad8  __CIOBUF_                                                       
20000bf8  __TI_tmpnams                                                    
20000c98  parmbuf                                                         
20000ca0  ti_sysbios_knl_Task_Instance_State_0_hookEnv__A                 
20001000  g_pfnRAMVectoring                                               
200010e8  __primary_heap_start__                                          
200050e8  __primary_heap_end__                                            
2000fc00  __stack                                                         
20010000  __STACK_END                                                     
4000480c  WDTCTL_SYM                                                      
e000e000  ti_sysbios_family_arm_m3_Hwi_nvic                               
ffffffff  __TI_pprof_out_hndl                                             
ffffffff  __TI_prof_data_size                                             
ffffffff  __TI_prof_data_start                                            
ffffffff  __binit__                                                       
ffffffff  __c_args__                                                      
ffffffff  binit                                                           
UNDEFED   SHT$$INIT_ARRAY$$Base                                           
UNDEFED   SHT$$INIT_ARRAY$$Limit                                          

[520 symbols]
