******************************************************************************
                  TI ARM Linker Unix v20.2.7                   
******************************************************************************
>> Linked Thu Oct 26 14:19:11 2023

OUTPUT FILE NAME:   <U2Laboratorio_2.out>
ENTRY POINT SYMBOL: "_c_int00"  address: 000045f1


MEMORY CONFIGURATION

         name            origin    length      used     unused   attr    fill
----------------------  --------  ---------  --------  --------  ----  --------
  MAIN                  00000000   00040000  00006c9e  00039362  R  X
  INFO                  00200000   00004000  00000000  00004000  R  X
  SRAM_CODE             01000000   00010000  00005188  0000ae78  RW X
  SRAM_DATA             20000000   00010000  00005188  0000ae78  RW  


SEGMENT ALLOCATION MAP

run origin  load origin   length   init length attrs members
----------  ----------- ---------- ----------- ----- -------
00000000    00000000    00006ca8   00006ca8    r-x
  00000000    00000000    0000003c   0000003c    r-- .resetVecs
  00000040    00000040    0000652a   0000652a    r-x .text
  0000656c    0000656c    00000500   00000500    r-- .const
  00006a70    00006a70    00000238   00000238    r-- .cinit
20000140    20000140    00000b64   00000000    rw-
  20000140    20000140    00000654   00000000    rw- .data
  20000798    20000798    0000050c   00000000    rw- .bss
20001000    20001000    000000e8   00000000    rw-
  20001000    20001000    000000e8   00000000    rw- .vtable
200010e8    200010e8    00004000   00000000    r--
  200010e8    200010e8    00004000   00000000    r-- .priheap
2000fc00    2000fc00    00000400   00000000    rw-
  2000fc00    2000fc00    00000400   00000000    rw- .stack


SECTION ALLOCATION MAP

 output                                  attributes/
section   page    origin      length       input sections
--------  ----  ----------  ----------   ----------------
.text      0    00000040    0000652a     
                  00000040    00000a4e     rtsv7M4_T_le_v4SPD16_eabi.lib : _printfi.c.obj (.text:__TI_printfi)
                  00000a8e    0000028a     msp432p4xx_driverlib.lib : pcm.o (.text:__PCM_setPowerStateAdvanced)
                  00000d18    00000270     rtsv7M4_T_le_v4SPD16_eabi.lib : _printfi.c.obj (.text:_pconv_a)
                  00000f88    000001d0                                   : _printfi.c.obj (.text:_pconv_g)
                  00001158    000001b6                                   : fd_add_t2.asm.obj (.text)
                  0000130e    00000002     system_msp432p401r.obj (.text:Power_idleFunc)
                  00001310    00000194     system_functions.obj (.text:process_events)
                  000014a4    0000015c     msp432p4xx_driverlib.lib : pcm.o (.text:__PCM_setPowerModeAdvanced)
                  00001600    0000013c     rtsv7M4_T_le_v4SPD16_eabi.lib : _printfi.c.obj (.text:_pconv_e)
                  0000173c    00000136                                   : fd_div_t2.asm.obj (.text)
                  00001872    00000004     msp432p4xx_driverlib.lib : cpu.o (.text:CPU_wfi)
                  00001876    00000002     rtsv7M4_T_le_v4SPD16_eabi.lib : _lock.c.obj (.text:_nop)
                  00001878    00000130     sysbios.aem4f : BIOS.obj (.text:ti_sysbios_knl_Semaphore_pend__E)
                  000019a8    00000124     rtsv7M4_T_le_v4SPD16_eabi.lib : _printfi.c.obj (.text:fcvt)
                  00001acc    00000114                                   : fputs.c.obj (.text:fputs)
                  00001be0    00000110                                   : s_scalbn.c.obj (.text:scalbn)
                  00001cf0    00000108     msp432p4xx_driverlib.lib : pcm.o (.text:__PCM_setCoreVoltageLevelAdvanced)
                  00001df8    00000108     sysbios.aem4f : BIOS.obj (.text:ti_sysbios_knl_Task_postInit__I)
                  00001f00    00000108                   : BIOS.obj (.text:xdc_runtime_Startup_startMods__I)
                  00002008    00000104     system_functions.obj (.text:Timer32_INT1)
                  0000210c    00000004     rtsv7M4_T_le_v4SPD16_eabi.lib : printf.c.obj (.text:_outc)
                  00002110    00000104     sysbios.aem4f : BIOS.obj (.text:ti_sysbios_knl_Task_Instance_finalize__E)
                  00002214    000000fc     rtsv7M4_T_le_v4SPD16_eabi.lib : fd_mul_t2.asm.obj (.text)
                  00002310    000000f8     sysbios.aem4f : BIOS.obj (.text:ti_sysbios_family_arm_msp432_init_Boot_configureClocksHigh)
                  00002408    000000f0                   : BIOS.obj (.text:pthread_create)
                  000024f8    000000f0                   : m3_Hwi_asm.obj (.text:ti_sysbios_family_arm_m3_Hwi_dispatch__I)
                  000025e8    000000e0                   : BIOS.obj (.text:ti_sysbios_knl_Task_Instance_init__E)
                  000026c8    000000dc     rtsv7M4_T_le_v4SPD16_eabi.lib : setvbuf.c.obj (.text:setvbuf)
                  000027a4    000000d4     system_Thread.obj (.text:System_Thread)
                  00002878    000000d0     sysbios.aem4f : BIOS.obj (.text:ti_sysbios_heaps_HeapMem_alloc__E)
                  00002948    000000c8     system_msp432p401r.obj (.text:SystemInit)
                  00002a10    000000c4     sysbios.aem4f : BIOS.obj (.text:ti_sysbios_knl_Task_sleep__E)
                  00002ad4    000000b1     rtsv7M4_T_le_v4SPD16_eabi.lib : _printfi.c.obj (.text:_ltostr)
                  00002b85    00000001     --HOLE-- [fill = 0]
                  00002b86    00000002                                   : div0.asm.obj (.text)
                  00002b88    000000aa     sysbios.aem4f : BIOS.obj (.text:xdc_runtime_Core_createObject__I)
                  00002c32    00000004     rtsv7M4_T_le_v4SPD16_eabi.lib : printf.c.obj (.text:_outs)
                  00002c36    00000002     release_pem4f.oem4f (.text:ti_sysbios_BIOS_nullFunc__I)
                  00002c38    000000a8     sysbios.aem4f : BIOS.obj (.text:ti_sysbios_family_arm_msp432_Timer_periodicStub__E)
                  00002ce0    000000a4                   : BIOS.obj (.text:ti_sysbios_knl_Task_setPri__E)
                  00002d84    000000a0     auto_init.aem4f : auto_init.oem4f (.text)
                  00002e24    0000009c     rtsv7M4_T_le_v4SPD16_eabi.lib : memcpy_t2.asm.obj (.text)
                  00002ec0    00000096                                   : ull_div_t2.asm.obj (.text)
                  00002f56    00000002     --HOLE-- [fill = 0]
                  00002f58    00000094     sysbios.aem4f : BIOS.obj (.text:_pthread_removeThreadKeys)
                  00002fec    00000004     rtsv7M4_T_le_v4SPD16_eabi.lib : exit.c.obj (.text:abort:abort)
                  00002ff0    00000094     sysbios.aem4f : BIOS.obj (.text:ti_sysbios_family_arm_m3_Hwi_initNVIC__E)
                  00003084    00000004     release_pem4f.oem4f (.text:ti_sysbios_family_arm_m3_TaskSupport_Module__startupDone__S)
                  00003088    00000094     sysbios.aem4f : BIOS.obj (.text:ti_sysbios_knl_Task_exit__E)
                  0000311c    00000090     GPIO_MSP432.obj (.text:GPIO_setOutput)
                  000031ac    00000090     system_functions.obj (.text:cambioDeColor)
                  0000323c    00000004     --HOLE-- [fill = 0]
                  00003240    00000090     sysbios.aem4f : BIOS.obj (.text:ti_sysbios_knl_Task_Module_startup__E)
                  000032d0    0000008c     rtsv7M4_T_le_v4SPD16_eabi.lib : fputc.c.obj (.text:fputc)
                  0000335c    0000008c     sysbios.aem4f : m3_TaskSupport_asm.obj (.text:ti_sysbios_family_arm_m3_TaskSupport_buildTaskStack)
                  000033e8    0000008c                   : BIOS.obj (.text:xdc_runtime_Memory_alloc__E)
                  00003474    00000086     rtsv7M4_T_le_v4SPD16_eabi.lib : fd_cmp_t2.asm.obj (.text:__aeabi_cdcmple)
                  000034fa    00000086                                   : fd_cmp_t2.asm.obj (.text:__aeabi_cdrcmple)
                  00003580    00000086     sysbios.aem4f : BIOS.obj (.text:xdc_runtime_Core_constructObject__I)
                  00003606    00000002     --HOLE-- [fill = 0]
                  00003608    00000084     msp432p4xx_driverlib.lib : pcm.o (.text:PCM_gotoLPM3)
                  0000368c    00000004     --HOLE-- [fill = 0]
                  00003690    00000084     sysbios.aem4f : BIOS.obj (.text:ti_sysbios_family_arm_m3_Hwi_postInit__I)
                  00003714    00000004     --HOLE-- [fill = 0]
                  00003718    00000084                   : BIOS.obj (.text:ti_sysbios_heaps_HeapMem_free__E)
                  0000379c    00000080     INT_MSP432.obj (.text:Int_enableInterrupt)
                  0000381c    00000004     --HOLE-- [fill = 0]
                  00003820    00000080     sysbios.aem4f : BIOS.obj (.text:ti_sysbios_knl_Clock_workFunc__E)
                  000038a0    0000007a     rtsv7M4_T_le_v4SPD16_eabi.lib : memset_t2.asm.obj (.text)
                  0000391a    00000002     --HOLE-- [fill = 0]
                  0000391c    00000074                                   : fclose.c.obj (.text:__TI_closefile)
                  00003990    00000070     sysbios.aem4f : BIOS.obj (.text:ti_sysbios_heaps_HeapMem_initPrimary__I)
                  00003a00    0000006e     rtsv7M4_T_le_v4SPD16_eabi.lib : _printfi.c.obj (.text:_mcpy)
                  00003a6e    00000002     --HOLE-- [fill = 0]
                  00003a70    0000006c                                   : hostrename.c.obj (.text:HOSTrename)
                  00003adc    00000004     --HOLE-- [fill = 0]
                  00003ae0    0000006c     sysbios.aem4f : BIOS.obj (.text:ti_sysbios_knl_Swi_restoreHwi__E)
                  00003b4c    00000068     GPIO_MSP432.obj (.text:GPIO_init_board)
                  00003bb4    00000068     rtsv7M4_T_le_v4SPD16_eabi.lib : hostlseek.c.obj (.text:HOSTlseek)
                  00003c1c    00000068     UART_MSP432.obj (.text:UART_init)
                  00003c84    00000068     rtsv7M4_T_le_v4SPD16_eabi.lib : copy_decompress_lzss.c.obj (.text:decompress:lzss:__TI_decompress_lzss)
                  00003cec    00000068                                   : printf.c.obj (.text:printf)
                  00003d54    00000004     --HOLE-- [fill = 0]
                  00003d58    00000066     sysbios.aem4f : BIOS.obj (.text:xdc_runtime_Core_deleteObject__I)
                  00003dbe    00000002     --HOLE-- [fill = 0]
                  00003dc0    00000064     rtsv7M4_T_le_v4SPD16_eabi.lib : s_frexp.c.obj (.text:frexp)
                  00003e24    00000064                                   : fseek.c.obj (.text:fseek)
                  00003e88    00000064     Threads.obj (.text:main)
                  00003eec    00000004     --HOLE-- [fill = 0]
                  00003ef0    00000064     sysbios.aem4f : BIOS.obj (.text:pthread_exit)
                  00003f54    00000004     --HOLE-- [fill = 0]
                  00003f58    00000064                   : BIOS.obj (.text:ti_sysbios_family_arm_m3_Hwi_dispatchC__I)
                  00003fbc    00000062     rtsv7M4_T_le_v4SPD16_eabi.lib : _io_perm.c.obj (.text:__TI_wrt_ok)
                  0000401e    00000002     --HOLE-- [fill = 0]
                  00004020    00000060                                   : hostopen.c.obj (.text:HOSTopen)
                  00004080    00000060     sysbios.aem4f : BIOS.obj (.text:ti_sysbios_knl_Semaphore_post__E)
                  000040e0    00000060                   : BIOS.obj (.text:ti_sysbios_knl_Swi_run__I)
                  00004140    00000060     release_pem4f.oem4f (.text:ti_sysbios_knl_Task_create)
                  000041a0    0000005e     msp432p4xx_driverlib.lib : pcm.o (.text:PCM_getCoreVoltageLevel)
                  000041fe    00000002     --HOLE-- [fill = 0]
                  00004200    0000005c     INT_MSP432.obj (.text:Int_registerInterrupt)
                  0000425c    0000005c     rtsv7M4_T_le_v4SPD16_eabi.lib : close.c.obj (.text:close)
                  000042b8    0000005c     system_functions.obj (.text:funcion_inicial)
                  00004314    00000004     --HOLE-- [fill = 0]
                  00004318    0000005c     sysbios.aem4f : BIOS.obj (.text:ti_sysbios_knl_Swi_schedule__I)
                  00004374    00000004     --HOLE-- [fill = 0]
                  00004378    0000005c                   : BIOS.obj (.text:ti_sysbios_knl_Task_startCore__E)
                  000043d4    00000004     --HOLE-- [fill = 0]
                  000043d8    0000005c                   : BIOS.obj (.text:xdc_runtime_Startup_exec__E)
                  00004434    0000005a     msp432p4xx_driverlib.lib : pcm.o (.text:PCM_getPowerMode)
                  0000448e    00000002     --HOLE-- [fill = 0]
                  00004490    00000058     rtsv7M4_T_le_v4SPD16_eabi.lib : hostread.c.obj (.text:HOSTread)
                  000044e8    00000058                                   : hostwrite.c.obj (.text:HOSTwrite)
                  00004540    00000058     UART_MSP432.obj (.text:UART_clck_source)
                  00004598    00000058     UART_MSP432.obj (.text:UART_set_baud_rate)
                  000045f0    00000058     boot.aem4f : boot.oem4f (.text)
                  00004648    00000058     sysbios.aem4f : m3_Hwi_asm_switch.obj (.text:ti_sysbios_family_arm_m3_Hwi_initStacks__E)
                  000046a0    00000056     rtsv7M4_T_le_v4SPD16_eabi.lib : _printfi.c.obj (.text:_pconv_f)
                  000046f6    00000002     --HOLE-- [fill = 0]
                  000046f8    00000054     msp432p4xx_driverlib.lib : pcm.o (.text:PCM_shutdownDevice)
                  0000474c    00000054     rtsv7M4_T_le_v4SPD16_eabi.lib : _ltoa.c.obj (.text:__TI_ltoa)
                  000047a0    00000054     sysbios.aem4f : BIOS.obj (.text:ti_sysbios_family_arm_msp432_Timer_initDevice__I)
                  000047f4    00000052     rtsv7M4_T_le_v4SPD16_eabi.lib : _printfi.c.obj (.text:_ecpy)
                  00004846    00000002     --HOLE-- [fill = 0]
                  00004848    00000050     sysbios.aem4f : BIOS.obj (.text:ti_sysbios_family_arm_m3_Hwi_Module_startup__E)
                  00004898    0000004c     rtsv7M4_T_le_v4SPD16_eabi.lib : fflush.c.obj (.text:__TI_doflush)
                  000048e4    0000004c                                   : atoi.c.obj (.text:atoi)
                  00004930    0000004c                                   : cpy_tbl.c.obj (.text:copy_in)
                  0000497c    00000004     --HOLE-- [fill = 0]
                  00004980    0000004c     sysbios.aem4f : BIOS.obj (.text:ti_sysbios_family_arm_msp432_Timer_postInit__I)
                  000049cc    00000004     --HOLE-- [fill = 0]
                  000049d0    0000004c                   : BIOS.obj (.text:ti_sysbios_family_arm_msp432_Timer_start__E)
                  00004a1c    00000004     --HOLE-- [fill = 0]
                  00004a20    0000004c                   : BIOS.obj (.text:ti_sysbios_heaps_HeapMem_getStats__E)
                  00004a6c    00000004     --HOLE-- [fill = 0]
                  00004a70    0000004c                   : BIOS.obj (.text:ti_sysbios_knl_Swi_runLoop__I)
                  00004abc    00000004     --HOLE-- [fill = 0]
                  00004ac0    0000004c                   : BIOS.obj (.text:ti_sysbios_knl_Task_allBlockedFunction__I)
                  00004b0c    00000004     --HOLE-- [fill = 0]
                  00004b10    0000004c                   : BIOS.obj (.text:ti_sysbios_knl_Task_schedule__I)
                  00004b5c    00000048     rtsv7M4_T_le_v4SPD16_eabi.lib : exit.c.obj (.text:exit)
                  00004ba4    00000048                                   : fd_toi_t2.asm.obj (.text)
                  00004bec    00000004     --HOLE-- [fill = 0]
                  00004bf0    00000048     sysbios.aem4f : BIOS.obj (.text:ti_sysbios_family_arm_m3_Hwi_enableInterrupt__E)
                  00004c38    00000048                   : BIOS.obj (.text:ti_sysbios_knl_Mailbox_Module_startup__E)
                  00004c80    00000048                   : BIOS.obj (.text:xdc_runtime_Core_assignParams__I)
                  00004cc8    00000044     rtsv7M4_T_le_v4SPD16_eabi.lib : hostclose.c.obj (.text:HOSTclose)
                  00004d0c    00000044                                   : hostunlink.c.obj (.text:HOSTunlink)
                  00004d50    00000044                                   : getdevice.c.obj (.text:getdevice)
                  00004d94    00000004     --HOLE-- [fill = 0]
                  00004d98    00000044     sysbios.aem4f : BIOS.obj (.text:ti_sysbios_family_arm_m3_Hwi_getStackInfo__E)
                  00004ddc    00000004     --HOLE-- [fill = 0]
                  00004de0    00000044                   : BIOS.obj (.text:ti_sysbios_knl_Swi_post__E)
                  00004e24    00000044     release_pem4f.oem4f (.text:ti_sysbios_rts_MemAlloc_alloc)
                  00004e68    00000040     sysbios.aem4f : BIOS.obj (.text:ti_sysbios_family_arm_msp432_Timer_Module_startup__E)
                  00004ea8    00000040                   : BIOS.obj (.text:ti_sysbios_family_arm_msp432_Timer_startup__E)
                  00004ee8    00000040     release_pem4f.oem4f (.text:ti_sysbios_gates_GateHwi_Object__create__S)
                  00004f28    00000040     release_pem4f.oem4f (.text:ti_sysbios_gates_GateMutex_Object__create__S)
                  00004f68    00000040     sysbios.aem4f : BIOS.obj (.text:ti_sysbios_heaps_HeapMem_Instance_init__E)
                  00004fa8    00000040     release_pem4f.oem4f (.text:ti_sysbios_heaps_HeapMem_Object__create__S)
                  00004fe8    0000003e     rtsv7M4_T_le_v4SPD16_eabi.lib : _printfi.c.obj (.text:_fcpy)
                  00005026    00000002     --HOLE-- [fill = 0]
                  00005028    0000003c     sysbios.aem4f : BIOS.obj (.text:ti_sysbios_family_arm_msp432_Seconds_Module_startup__E)
                  00005064    00000004     --HOLE-- [fill = 0]
                  00005068    0000003c                   : BIOS.obj (.text:ti_sysbios_knl_Swi_restore__E)
                  000050a4    00000004     --HOLE-- [fill = 0]
                  000050a8    0000003c                   : BIOS.obj (.text:usleep)
                  000050e4    00000038     rtsv7M4_T_le_v4SPD16_eabi.lib : trgmsg.c.obj (.text:__TI_writemsg)
                  0000511c    00000038     release_pem4f.oem4f (.text:ti_sysbios_knl_Clock_doTick__I)
                  00005154    00000004     --HOLE-- [fill = 0]
                  00005158    00000038     sysbios.aem4f : BIOS.obj (.text:xdc_runtime_System_atexit__E)
                  00005190    00000036     rtsv7M4_T_le_v4SPD16_eabi.lib : strncpy.c.obj (.text:strncpy)
                  000051c6    00000002     --HOLE-- [fill = 0]
                  000051c8    00000034     UART_MSP432.obj (.text:UART_sendByte)
                  000051fc    00000034     UART_MSP432.obj (.text:UART_set_parity)
                  00005230    00000034     rtsv7M4_T_le_v4SPD16_eabi.lib : fopen.c.obj (.text:__TI_cleanup)
                  00005264    00000034                                   : trgmsg.c.obj (.text:__TI_readmsg)
                  00005298    00000034     release_pem4f.oem4f (.text:ti_sysbios_knl_Semaphore_construct)
                  000052cc    00000004     --HOLE-- [fill = 0]
                  000052d0    00000032     sysbios.aem4f : BIOS.obj (.text:ti_sysbios_hal_Hwi_initStack)
                  00005302    00000002     --HOLE-- [fill = 0]
                  00005304    00000030     GPIO_MSP432.obj (.text:GPIO_getInputPinValue)
                  00005334    00000030     UART_MSP432.obj (.text:UART_set_location_pin)
                  00005364    00000030     rtsv7M4_T_le_v4SPD16_eabi.lib : getdevice.c.obj (.text:finddevice)
                  00005394    00000030     release_pem4f.oem4f (.text:ti_sysbios_BIOS_atExitFunc__I)
                  000053c4    00000030     release_pem4f.oem4f (.text:ti_sysbios_BIOS_rtsLock__I)
                  000053f4    00000030     release_pem4f.oem4f (.text:ti_sysbios_BIOS_startFunc__I)
                  00005424    00000030     release_pem4f.oem4f (.text:ti_sysbios_family_arm_m3_Hwi_Object__get__S)
                  00005454    00000004     --HOLE-- [fill = 0]
                  00005458    00000030     sysbios.aem4f : BIOS.obj (.text:ti_sysbios_family_arm_m3_TaskSupport_start__E)
                  00005488    00000030                   : BIOS.obj (.text:ti_sysbios_gates_GateMutex_enter__E)
                  000054b8    00000030     release_pem4f.oem4f (.text:ti_sysbios_heaps_HeapMem_Object__get__S)
                  000054e8    00000030     sysbios.aem4f : BIOS.obj (.text:ti_sysbios_knl_Mailbox_postInit__I)
                  00005518    00000030     release_pem4f.oem4f (.text:ti_sysbios_knl_Queue_construct)
                  00005548    00000030     sysbios.aem4f : BIOS.obj (.text:ti_sysbios_knl_Semaphore_pendTimeout__I)
                  00005578    00000030     release_pem4f.oem4f (.text:ti_sysbios_knl_Swi_Object__get__S)
                  000055a8    00000030     sysbios.aem4f : BIOS.obj (.text:ti_sysbios_knl_Task_processVitalTaskFlag__I)
                  000055d8    00000030                   : BIOS.obj (.text:ti_sysbios_knl_Task_restore__E)
                  00005608    00000030                   : BIOS.obj (.text:ti_sysbios_knl_Task_unblockI__E)
                  00005638    00000030                   : BIOS.obj (.text:xdc_runtime_System_processAtExit__E)
                  00005668    0000002e                   : BIOS.obj (.text:pthread_setcancelstate)
                  00005696    0000002e     rtsv7M4_T_le_v4SPD16_eabi.lib : i_tofd_t2.asm.obj (.text)
                  000056c4    0000002c     msp432p4xx_driverlib.lib : rtc_c.o (.text:RTC_C_holdClock)
                  000056f0    0000002c     sysbios.aem4f : BIOS.obj (.text:_pthread_cleanupFxn)
                  0000571c    00000004     --HOLE-- [fill = 0]
                  00005720    0000002c                   : BIOS.obj (.text:_pthread_delete$43)
                  0000574c    0000002c     release_pem4f.oem4f (.text:ti_sysbios_BIOS_rtsUnlock__I)
                  00005778    0000002c     release_pem4f.oem4f (.text:ti_sysbios_gates_GateHwi_Handle__label__S)
                  000057a4    0000002c     release_pem4f.oem4f (.text:ti_sysbios_gates_GateMutex_Handle__label__S)
                  000057d0    0000002c     release_pem4f.oem4f (.text:ti_sysbios_heaps_HeapMem_Handle__label__S)
                  000057fc    0000002c     release_pem4f.oem4f (.text:ti_sysbios_knl_Semaphore_Params__init__S)
                  00005828    0000002c     release_pem4f.oem4f (.text:ti_sysbios_knl_Task_Object__get__S)
                  00005854    0000002c     release_pem4f.oem4f (.text:ti_sysbios_knl_Task_Params__init__S)
                  00005880    0000002c     rtsv7M4_T_le_v4SPD16_eabi.lib : unlink.c.obj (.text:unlink)
                  000058ac    00000028     msp432p4xx_driverlib.lib : pcm.o (.text:PCM_gotoLPM0)
                  000058d4    00000028     release_pem4f.oem4f (.text:free)
                  000058fc    00000028     rtsv7M4_T_le_v4SPD16_eabi.lib : lseek.c.obj (.text:lseek)
                  00005924    00000028     sysbios.aem4f : m3_Hwi_asm.obj (.text:ti_sysbios_family_arm_m3_Hwi_excHandlerAsm__I)
                  0000594c    00000028     release_pem4f.oem4f (.text:ti_sysbios_gates_GateMutex_Object__delete__S)
                  00005974    00000004     --HOLE-- [fill = 0]
                  00005978    00000028     sysbios.aem4f : BIOS.obj (.text:ti_sysbios_knl_Clock_addI__E)
                  000059a0    00000028                   : BIOS.obj (.text:ti_sysbios_knl_Swi_Module_startup__E)
                  000059c8    00000028     release_pem4f.oem4f (.text:ti_sysbios_knl_Task_Object__delete__S)
                  000059f0    00000028     rtsv7M4_T_le_v4SPD16_eabi.lib : write.c.obj (.text:write)
                  00005a18    00000026     sysbios.aem4f : m3_Hwi_asm.obj (.text:ti_sysbios_family_arm_m3_Hwi_pendSV__I)
                  00005a3e    00000002     --HOLE-- [fill = 0]
                  00005a40    00000024     TIMER32_MSP432.obj (.text:T32_Configure1)
                  00005a64    00000024     UART_MSP432.obj (.text:UART_putsf)
                  00005a88    00000024     msp432p4xx_driverlib.lib : wdt_a.o (.text:WDT_A_holdTimer)
                  00005aac    00000004     --HOLE-- [fill = 0]
                  00005ab0    00000024     sysbios.aem4f : BIOS.obj (.text:pthread_attr_init)
                  00005ad4    00000024     release_pem4f.oem4f (.text:ti_sysbios_BIOS_registerRTSLock__I)
                  00005af8    00000024     release_pem4f.oem4f (.text:ti_sysbios_gates_GateHwi_Object__delete__S)
                  00005b1c    00000024     release_pem4f.oem4f (.text:ti_sysbios_heaps_HeapMem_Object__delete__S)
                  00005b40    00000024     sysbios.aem4f : BIOS.obj (.text:ti_sysbios_knl_Clock_Module_startup__E)
                  00005b64    00000004     --HOLE-- [fill = 0]
                  00005b68    00000024                   : BIOS.obj (.text:ti_sysbios_knl_Semaphore_Instance_init__E)
                  00005b8c    00000004     --HOLE-- [fill = 0]
                  00005b90    00000024                   : BIOS.obj (.text:ti_sysbios_knl_Task_restoreHwi__E)
                  00005bb4    00000004     --HOLE-- [fill = 0]
                  00005bb8    00000024                   : BIOS.obj (.text:xdc_runtime_Error_policyMin__E)
                  00005bdc    00000020     rtsv7M4_T_le_v4SPD16_eabi.lib : memchr.c.obj (.text:memchr)
                  00005bfc    00000020     release_pem4f.oem4f (.text:ti_sysbios_BIOS_removeRTSLock__I)
                  00005c1c    00000004     --HOLE-- [fill = 0]
                  00005c20    00000020     sysbios.aem4f : BIOS.obj (.text:ti_sysbios_knl_Idle_run__E)
                  00005c40    00000020     release_pem4f.oem4f (.text:ti_sysbios_knl_Mailbox_Object__get__S)
                  00005c60    00000020     release_pem4f.oem4f (.text:ti_sysbios_knl_Semaphore_destruct)
                  00005c80    00000020     release_pem4f.oem4f (.text:ti_sysbios_rts_ti_ReentSupport_getTlsAddr__I)
                  00005ca0    00000020     release_pem4f.oem4f (.text:xdc_runtime_IHeap_alloc)
                  00005cc0    0000001e     sysbios.aem4f : m3_Hwi_asm_switch.obj (.text:ti_sysbios_family_xxx_Hwi_switchAndRunFunc)
                  00005cde    0000001e     release_pem4f.oem4f (.text:ti_sysbios_knl_Task_SupportProxy_start__E)
                  00005cfc    0000001e     release_pem4f.oem4f (.text:xdc_runtime_Memory_HeapProxy_alloc__E)
                  00005d1a    0000001c     rtsv7M4_T_le_v4SPD16_eabi.lib : memccpy.c.obj (.text:memccpy)
                  00005d36    00000002     --HOLE-- [fill = 0]
                  00005d38    0000001c     release_pem4f.oem4f (.text:ti_sysbios_family_arm_m3_Hwi_Module__startupDone__F)
                  00005d54    00000004     --HOLE-- [fill = 0]
                  00005d58    0000001c     sysbios.aem4f : BIOS.obj (.text:ti_sysbios_family_arm_m3_Hwi_excHandler__I)
                  00005d74    0000001c     release_pem4f.oem4f (.text:ti_sysbios_family_arm_msp432_Timer_Module__startupDone__F)
                  00005d90    0000001c     sysbios.aem4f : BIOS.obj (.text:ti_sysbios_gates_GateMutex_Instance_init__E)
                  00005dac    0000001c     release_pem4f.oem4f (.text:ti_sysbios_knl_Queue_Object__get__S)
                  00005dc8    0000001c     release_pem4f.oem4f (.text:ti_sysbios_knl_Queue_destruct)
                  00005de4    00000004     --HOLE-- [fill = 0]
                  00005de8    0000001c     sysbios.aem4f : BIOS.obj (.text:ti_sysbios_knl_Queue_put__E)
                  00005e04    00000004     --HOLE-- [fill = 0]
                  00005e08    0000001c                   : BIOS.obj (.text:ti_sysbios_knl_Task_enter__I)
                  00005e24    00000004     --HOLE-- [fill = 0]
                  00005e28    0000001c                   : BIOS.obj (.text:ti_sysbios_rts_ti_ReentSupport_getReent__F)
                  00005e44    00000004     --HOLE-- [fill = 0]
                  00005e48    0000001c                   : BIOS.obj (.text:xdc_runtime_Memory_valloc__E)
                  00005e64    0000001c     release_pem4f.oem4f (.text:xdc_runtime_Startup_exec__I)
                  00005e80    0000001c     sysbios.aem4f : BIOS.obj (.text:xdc_runtime_System_abort__E)
                  00005e9c    0000001a     rtsv7M4_T_le_v4SPD16_eabi.lib : s_copysign.c.obj (.text:copysign)
                  00005eb6    0000001a     release_pem4f.oem4f (.text:xdc_runtime_IHeap_free)
                  00005ed0    00000018     release_pem4f.oem4f (.text:.bootCodeSection:ti_sysbios_family_arm_msp432_init_Boot_init__I)
                  00005ee8    00000018     UART_MSP432.obj (.text:UART_B_char_IE)
                  00005f00    00000018     UART_MSP432.obj (.text:UART_E_char_IE)
                  00005f18    00000018     UART_MSP432.obj (.text:UART_data_bits)
                  00005f30    00000018     UART_MSP432.obj (.text:UART_mode)
                  00005f48    00000018     UART_MSP432.obj (.text:UART_set_oversampling)
                  00005f60    00000018     UART_MSP432.obj (.text:UART_set_stop_bits)
                  00005f78    00000018     UART_MSP432.obj (.text:UART_set_transmision_dir)
                  00005f90    00000018     rtsv7M4_T_le_v4SPD16_eabi.lib : args_main.c.obj (.text:_args_main)
                  00005fa8    00000018                                   : strcmp.c.obj (.text:strcmp)
                  00005fc0    00000018     sysbios.aem4f : m3_TaskSupport_asm.obj (.text:ti_sysbios_family_arm_m3_TaskSupport_swap__E)
                  00005fd8    00000018                   : BIOS.obj (.text:ti_sysbios_gates_GateMutex_leave__E)
                  00005ff0    00000018                   : BIOS.obj (.text:ti_sysbios_knl_Task_sleepTimeout__I)
                  00006008    00000018                   : BIOS.obj (.text:xdc_runtime_Error_init__E)
                  00006020    00000018                   : BIOS.obj (.text:xdc_runtime_System_exit__E)
                  00006038    00000016     UART_MSP432.obj (.text:UART_den)
                  0000604e    00000016     UART_MSP432.obj (.text:UART_en)
                  00006064    00000016     rtsv7M4_T_le_v4SPD16_eabi.lib : strchr.c.obj (.text:strchr)
                  0000607a    00000016     release_pem4f.oem4f (.text:ti_sysbios_BIOS_exitFunc__I)
                  00006090    00000016     sysbios.aem4f : BIOS.obj (.text:ti_sysbios_knl_Task_unblock__E)
                  000060a6    00000002     --HOLE-- [fill = 0]
                  000060a8    00000014     msp432p4xx_driverlib.lib : pcm.o (.text:PCM_getPowerState)
                  000060bc    00000014     TIMER32_MSP432.obj (.text:T32_SetLoadValue1)
                  000060d0    00000014     sysbios.aem4f : BIOS.obj (.text:pthread_attr_setschedparam)
                  000060e4    00000014     rtsv7M4_T_le_v4SPD16_eabi.lib : strcpy.c.obj (.text:strcpy)
                  000060f8    00000014                                   : strlen.c.obj (.text:strlen)
                  0000610c    00000004     --HOLE-- [fill = 0]
                  00006110    00000014     sysbios.aem4f : BIOS.obj (.text:ti_sysbios_family_arm_m3_Hwi_switchFromBootStack__E)
                  00006124    00000014     release_pem4f.oem4f (.text:ti_sysbios_hal_Hwi_HwiProxy_getStackInfo__E)
                  00006138    00000014     release_pem4f.oem4f (.text:ti_sysbios_knl_Clock_Module_State_clockQ)
                  0000614c    00000014     release_pem4f.oem4f (.text:xdc_runtime_Memory_HeapProxy_free__E)
                  00006160    00000012     sysbios.aem4f : BIOS.obj (.text:_pthread_cleanup_pop)
                  00006172    00000006     --HOLE-- [fill = 0]
                  00006178    00000012                   : BIOS.obj (.text:_pthread_runStub$43)
                  0000618a    00000006     --HOLE-- [fill = 0]
                  00006190    00000012                   : BIOS.obj (.text:ti_sysbios_hal_Hwi_Module_startup__E)
                  000061a2    00000012     rtsv7M4_T_le_v4SPD16_eabi.lib : wcslen.c.obj (.text:wcslen)
                  000061b4    00000010     msp432p4xx_driverlib.lib : pcm.o (.text:PCM_gotoLPM4)
                  000061c4    00000010                              : pcm.o (.text:PCM_setPowerMode)
                  000061d4    00000010                              : pcm.o (.text:PCM_setPowerState)
                  000061e4    00000010     release_pem4f.oem4f (.text:ti_sysbios_BIOS_RtsGateProxy_leave__E)
                  000061f4    00000004     --HOLE-- [fill = 0]
                  000061f8    00000010     sysbios.aem4f : BIOS.obj (.text:ti_sysbios_BIOS_exit__E)
                  00006208    00000010                   : BIOS.obj (.text:ti_sysbios_BIOS_setThreadType__E)
                  00006218    00000010                   : BIOS.obj (.text:ti_sysbios_BIOS_start__E)
                  00006228    00000010                   : m3_TaskSupport_asm.obj (.text:ti_sysbios_family_arm_m3_TaskSupport_glue)
                  00006238    00000010                   : BIOS.obj (.text:ti_sysbios_family_arm_msp432_init_Boot_disableWatchdog)
                  00006248    00000010                   : BIOS.obj (.text:ti_sysbios_gates_GateMutex_Instance_finalize__E)
                  00006258    00000010     release_pem4f.oem4f (.text:ti_sysbios_heaps_HeapMem_Module_GateProxy_leave__E)
                  00006268    00000010     sysbios.aem4f : BIOS.obj (.text:ti_sysbios_knl_Semaphore_Instance_finalize__E)
                  00006278    00000010                   : BIOS.obj (.text:ti_sysbios_knl_Swi_disable__E)
                  00006288    00000010     release_pem4f.oem4f (.text:ti_sysbios_knl_Task_SupportProxy_swap__E)
                  00006298    00000010     sysbios.aem4f : BIOS.obj (.text:ti_sysbios_knl_Task_disable__E)
                  000062a8    00000010                   : BIOS.obj (.text:xdc_runtime_Gate_leaveSystem__E)
                  000062b8    00000010                   : BIOS.obj (.text:xdc_runtime_Memory_free__E)
                  000062c8    00000010                   : BIOS.obj (.text:xdc_runtime_SysCallback_abort__E)
                  000062d8    00000010                   : BIOS.obj (.text:xdc_runtime_SysCallback_exit__E)
                  000062e8    00000010     release_pem4f.oem4f (.text:xdc_runtime_System_Module_GateProxy_leave__E)
                  000062f8    0000000e     rtsv7M4_T_le_v4SPD16_eabi.lib : copy_decompress_none.c.obj (.text:decompress:none:__TI_decompress_none)
                  00006306    00000002     --HOLE-- [fill = 0]
                  00006308    0000000e     sysbios.aem4f : BIOS.obj (.text:pthread_attr_setdetachstate)
                  00006316    00000002     --HOLE-- [fill = 0]
                  00006318    0000000e                   : BIOS.obj (.text:ti_sysbios_knl_Idle_loop__E)
                  00006326    00000002     --HOLE-- [fill = 0]
                  00006328    0000000e                   : BIOS.obj (.text:ti_sysbios_knl_Queue_empty__E)
                  00006336    00000002     --HOLE-- [fill = 0]
                  00006338    0000000c     TIMER32_MSP432.obj (.text:T32_ClearInterruptFlag1)
                  00006344    0000000c     TIMER32_MSP432.obj (.text:T32_DisableTimer1)
                  00006350    0000000c     TIMER32_MSP432.obj (.text:T32_EnableInterrupt1)
                  0000635c    0000000c     TIMER32_MSP432.obj (.text:T32_EnableTimer1)
                  00006368    0000000c     rtsv7M4_T_le_v4SPD16_eabi.lib : _lock.c.obj (.text:_register_lock)
                  00006374    0000000c                                   : _lock.c.obj (.text:_register_unlock)
                  00006380    0000000c                                   : copy_zero_init.c.obj (.text:decompress:ZI:__TI_zero_init)
                  0000638c    0000000c     release_pem4f.oem4f (.text:malloc)
                  00006398    0000000c     sysbios.aem4f : BIOS.obj (.text:pthread_self)
                  000063a4    0000000c     release_pem4f.oem4f (.text:ti_sysbios_BIOS_RtsGateProxy_enter__E)
                  000063b0    0000000c     sysbios.aem4f : BIOS.obj (.text:ti_sysbios_family_arm_m3_TaskSupport_getStackAlignment__E)
                  000063bc    00000004     --HOLE-- [fill = 0]
                  000063c0    0000000c                   : BIOS.obj (.text:ti_sysbios_family_arm_msp432_Timer_getMaxTicks__E)
                  000063cc    00000004     --HOLE-- [fill = 0]
                  000063d0    0000000c                   : BIOS.obj (.text:ti_sysbios_gates_GateHwi_enter__E)
                  000063dc    0000000c     release_pem4f.oem4f (.text:ti_sysbios_heaps_HeapMem_Module_GateProxy_enter__E)
                  000063e8    0000000c     release_pem4f.oem4f (.text:ti_sysbios_heaps_HeapMem_Module_GateProxy_query__E)
                  000063f4    0000000c     release_pem4f.oem4f (.text:ti_sysbios_knl_Clock_TimerProxy_getMaxTicks__E)
                  00006400    0000000c     release_pem4f.oem4f (.text:ti_sysbios_knl_Task_delete)
                  0000640c    00000004     --HOLE-- [fill = 0]
                  00006410    0000000c     sysbios.aem4f : BIOS.obj (.text:ti_sysbios_knl_Task_self__E)
                  0000641c    00000004     --HOLE-- [fill = 0]
                  00006420    0000000c                   : BIOS.obj (.text:ti_sysbios_rts_ti_ReentSupport_taskRegHook__I)
                  0000642c    00000004     --HOLE-- [fill = 0]
                  00006430    0000000c                   : BIOS.obj (.text:xdc_runtime_Gate_enterSystem__E)
                  0000643c    00000004     --HOLE-- [fill = 0]
                  00006440    0000000c                   : BIOS.obj (.text:xdc_runtime_Startup_rtsDone__E)
                  0000644c    0000000c     release_pem4f.oem4f (.text:xdc_runtime_System_Module_GateProxy_enter__E)
                  00006458    0000000c     release_pem4f.oem4f (.text:xdc_runtime_System_SupportProxy_abort__E)
                  00006464    0000000c     release_pem4f.oem4f (.text:xdc_runtime_System_SupportProxy_exit__E)
                  00006470    00000008     system_functions.obj (.text:System_InicialiceIO)
                  00006478    00000008     system_functions.obj (.text:System_InicialiceUART)
                  00006480    00000008     sysbios.aem4f : BIOS.obj (.text:pthread_attr_setstacksize)
                  00006488    00000008     release_pem4f.oem4f (.text:ti_sysbios_family_arm_m3_Hwi_Module__startupDone__S)
                  00006490    00000008     sysbios.aem4f : BIOS.obj (.text:ti_sysbios_family_arm_m3_Hwi_doSwiRestore__I)
                  00006498    00000008                   : BIOS.obj (.text:ti_sysbios_family_arm_m3_Hwi_startup__E)
                  000064a0    00000008     release_pem4f.oem4f (.text:ti_sysbios_family_arm_msp432_Timer_Module__startupDone__S)
                  000064a8    00000008     release_pem4f.oem4f (.text:ti_sysbios_hal_Hwi_HwiProxy_Module__startupDone__S)
                  000064b0    00000008     release_pem4f.oem4f (.text:ti_sysbios_hal_Hwi_HwiProxy_startup__E)
                  000064b8    00000008     release_pem4f.oem4f (.text:ti_sysbios_hal_Hwi_HwiProxy_switchFromBootStack__E)
                  000064c0    00000008     release_pem4f.oem4f (.text:ti_sysbios_knl_Clock_TimerProxy_Module__startupDone__S)
                  000064c8    00000008     release_pem4f.oem4f (.text:ti_sysbios_knl_Task_SupportProxy_Module__startupDone__S)
                  000064d0    00000008     release_pem4f.oem4f (.text:ti_sysbios_knl_Task_SupportProxy_getStackAlignment__E)
                  000064d8    00000008     release_pem4f.oem4f (.text:ti_sysbios_rts_ti_ReentSupport_getReent__E)
                  000064e0    00000008     release_pem4f.oem4f (.text:xdc_runtime_Startup_reset__I)
                  000064e8    00000006     sysbios.aem4f : BIOS.obj (.text:ti_sysbios_family_arm_m3_Hwi_doTaskRestore__I)
                  000064ee    00000002     --HOLE-- [fill = 0]
                  000064f0    00000006                   : BIOS.obj (.text:ti_sysbios_gates_GateHwi_leave__E)
                  000064f6    00000002     --HOLE-- [fill = 0]
                  000064f8    00000006                   : BIOS.obj (.text:ti_sysbios_heaps_HeapMem_isBlocking__E)
                  000064fe    00000002     --HOLE-- [fill = 0]
                  00006500    00000006                   : BIOS.obj (.text:ti_sysbios_knl_Queue_Instance_init__E)
                  00006506    00000002     --HOLE-- [fill = 0]
                  00006508    00000006                   : BIOS.obj (.text:ti_sysbios_knl_Swi_startup__E)
                  0000650e    00000002     --HOLE-- [fill = 0]
                  00006510    00000006                   : BIOS.obj (.text:xdc_runtime_System_Module_startup__E)
                  00006516    00000002     --HOLE-- [fill = 0]
                  00006518    00000004                   : BIOS.obj (.text:__aeabi_errno_addr)
                  0000651c    00000004     --HOLE-- [fill = 0]
                  00006520    00000004                   : BIOS.obj (.text:ti_sysbios_gates_GateHwi_query__E)
                  00006524    00000004     --HOLE-- [fill = 0]
                  00006528    00000004                   : BIOS.obj (.text:ti_sysbios_gates_GateMutex_query__E)
                  0000652c    00000004     --HOLE-- [fill = 0]
                  00006530    00000004                   : BIOS.obj (.text:ti_sysbios_knl_Task_startup__E)
                  00006534    00000004     --HOLE-- [fill = 0]
                  00006538    00000002                   : BIOS.obj (.text:ti_sysbios_BIOS_linkedWithIncorrectBootLibrary__E)
                  0000653a    00000006     --HOLE-- [fill = 0]
                  00006540    00000002                   : BIOS.obj (.text:ti_sysbios_gates_GateHwi_Instance_init__E)
                  00006542    00000006     --HOLE-- [fill = 0]
                  00006548    00000002                   : BIOS.obj (.text:ti_sysbios_knl_Clock_logTick__E)
                  0000654a    00000006     --HOLE-- [fill = 0]
                  00006550    00000002                   : BIOS.obj (.text:xdc_runtime_SysCallback_defaultAbort)
                  00006552    00000006     --HOLE-- [fill = 0]
                  00006558    00000002                   : BIOS.obj (.text:xdc_runtime_SysCallback_defaultExit)
                  0000655a    00000006     --HOLE-- [fill = 0]
                  00006560    00000002                   : BIOS.obj (.text:xdc_runtime_System_abortSpin__E)
                  00006562    00000006     --HOLE-- [fill = 0]
                  00006568    00000002                   : BIOS.obj (.text:xdc_runtime_System_exitSpin__E)

.const     0    0000656c    00000500     
                  0000656c    00000101     rtsv7M4_T_le_v4SPD16_eabi.lib : ctype.c.obj (.const:.string:_ctypes_)
                  0000666d    00000001     release_pem4f.oem4f (.const:xdc_runtime_Error_policy__C)
                  0000666e    00000002     release_pem4f.oem4f (.const:ti_sysbios_family_arm_msp432_init_Boot_bypassHFXT__C)
                  00006670    00000048     release_pem4f.oem4f (.const:.string)
                  000066b8    0000003c     release_pem4f.oem4f (.const:ti_sysbios_knl_Task_Object__PARAMS__C)
                  000066f4    00000030     GPIO_MSP432.obj (.const:GPIO_PORT_TO_BASE)
                  00006724    00000028     release_pem4f.oem4f (.const:ti_sysbios_heaps_HeapMem_Module__FXNS__C)
                  0000674c    00000024     release_pem4f.oem4f (.const:ti_sysbios_gates_GateHwi_Module__FXNS__C)
                  00006770    00000024     release_pem4f.oem4f (.const:ti_sysbios_gates_GateMutex_Module__FXNS__C)
                  00006794    00000024     release_pem4f.oem4f (.const:ti_sysbios_heaps_HeapMem_Object__PARAMS__C)
                  000067b8    00000024     release_pem4f.oem4f (.const:ti_sysbios_knl_Semaphore_Object__PARAMS__C)
                  000067dc    00000024     release_pem4f.oem4f (.const:xdc_runtime_Startup_sfxnTab__A)
                  00006800    00000020     release_pem4f.oem4f (.const:ti_sysbios_gates_GateHwi_Object__DESC__C)
                  00006820    00000020     release_pem4f.oem4f (.const:ti_sysbios_gates_GateMutex_Object__DESC__C)
                  00006840    00000020     release_pem4f.oem4f (.const:ti_sysbios_heaps_HeapMem_Object__DESC__C)
                  00006860    00000020     release_pem4f.oem4f (.const:ti_sysbios_knl_Queue_Object__DESC__C)
                  00006880    00000020     release_pem4f.oem4f (.const:ti_sysbios_knl_Semaphore_Object__DESC__C)
                  000068a0    00000020     release_pem4f.oem4f (.const:ti_sysbios_knl_Task_Object__DESC__C)
                  000068c0    00000018     release_pem4f.oem4f (.const:ti_sysbios_gates_GateHwi_Object__PARAMS__C)
                  000068d8    00000018     release_pem4f.oem4f (.const:ti_sysbios_gates_GateMutex_Object__PARAMS__C)
                  000068f0    00000018     release_pem4f.oem4f (.const:ti_sysbios_knl_Queue_Object__PARAMS__C)
                  00006908    00000018     release_pem4f.oem4f (.const:ti_sysbios_knl_Task_hooks__A)
                  00006920    00000012     release_pem4f.oem4f (.const:xdc_runtime_Startup_sfxnRts__A)
                  00006932    00000002     release_pem4f.oem4f (.const:ti_sysbios_family_arm_msp432_init_Boot_bypassLFXT__C)
                  00006934    0000000c     UART_MSP432.obj (.const:BRFX)
                  00006940    0000000c     UART_MSP432.obj (.const:BRS)
                  0000694c    0000000c     UART_MSP432.obj (.const:BRX)
                  00006958    0000000c     release_pem4f.oem4f (.const:xdc_runtime_Startup_firstFxns__A)
                  00006964    00000008     INT_MSP432.obj (.const:g_pulEnRegs)
                  0000696c    00000008     release_pem4f.oem4f (.const:ti_sysbios_knl_Idle_funcList__A)
                  00006974    00000008     release_pem4f.oem4f (.const:ti_sysbios_knl_Idle_funcList__C)
                  0000697c    00000008     release_pem4f.oem4f (.const:ti_sysbios_knl_Task_hooks__C)
                  00006984    00000008     release_pem4f.oem4f (.const:xdc_runtime_Startup_firstFxns__C)
                  0000698c    00000008     release_pem4f.oem4f (.const:xdc_runtime_Startup_lastFxns__C)
                  00006994    00000004     release_pem4f.oem4f (.const:ti_sysbios_family_arm_m3_Hwi_NUM_INTERRUPTS__C)
                  00006998    00000004     release_pem4f.oem4f (.const:ti_sysbios_family_arm_m3_Hwi_Object__count__C)
                  0000699c    00000004     release_pem4f.oem4f (.const:ti_sysbios_family_arm_m3_Hwi_Object__table__C)
                  000069a0    00000004     release_pem4f.oem4f (.const:ti_sysbios_family_arm_m3_Hwi_ccr__C)
                  000069a4    00000004     release_pem4f.oem4f (.const:ti_sysbios_family_arm_m3_Hwi_excHandlerFunc__C)
                  000069a8    00000004     release_pem4f.oem4f (.const:ti_sysbios_family_arm_m3_Hwi_nullIsrFunc__C)
                  000069ac    00000004     release_pem4f.oem4f (.const:ti_sysbios_family_arm_m3_Hwi_priGroup__C)
                  000069b0    00000004     release_pem4f.oem4f (.const:ti_sysbios_family_arm_m3_TaskSupport_stackAlignment__C)
                  000069b4    00000004     release_pem4f.oem4f (.const:ti_sysbios_family_arm_msp432_Timer_numTimerDevices__C)
                  000069b8    00000004     release_pem4f.oem4f (.const:ti_sysbios_family_arm_msp432_Timer_startupNeeded__C)
                  000069bc    00000004     release_pem4f.oem4f (.const:ti_sysbios_gates_GateMutex_Instance_State_sem__O)
                  000069c0    00000004     release_pem4f.oem4f (.const:ti_sysbios_heaps_HeapMem_E_memory__C)
                  000069c4    00000004     release_pem4f.oem4f (.const:ti_sysbios_heaps_HeapMem_Module__gateObj__C)
                  000069c8    00000004     release_pem4f.oem4f (.const:ti_sysbios_heaps_HeapMem_Object__count__C)
                  000069cc    00000004     release_pem4f.oem4f (.const:ti_sysbios_heaps_HeapMem_Object__table__C)
                  000069d0    00000004     release_pem4f.oem4f (.const:ti_sysbios_heaps_HeapMem_primaryHeapBaseAddr__C)
                  000069d4    00000004     release_pem4f.oem4f (.const:ti_sysbios_heaps_HeapMem_primaryHeapEndAddr__C)
                  000069d8    00000004     release_pem4f.oem4f (.const:ti_sysbios_heaps_HeapMem_reqAlign__C)
                  000069dc    00000004     release_pem4f.oem4f (.const:ti_sysbios_knl_Clock_Module_State_clockQ__O)
                  000069e0    00000004     release_pem4f.oem4f (.const:ti_sysbios_knl_Clock_tickPeriod__C)
                  000069e4    00000004     release_pem4f.oem4f (.const:ti_sysbios_knl_Mailbox_Instance_State_freeQue__O)
                  000069e8    00000004     release_pem4f.oem4f (.const:ti_sysbios_knl_Mailbox_Object__count__C)
                  000069ec    00000004     release_pem4f.oem4f (.const:ti_sysbios_knl_Mailbox_maxTypeAlign__C)
                  000069f0    00000004     release_pem4f.oem4f (.const:ti_sysbios_knl_Semaphore_Instance_State_pendQ__O)
                  000069f4    00000004     release_pem4f.oem4f (.const:ti_sysbios_knl_Swi_Object__count__C)
                  000069f8    00000004     release_pem4f.oem4f (.const:ti_sysbios_knl_Swi_Object__table__C)
                  000069fc    00000004     release_pem4f.oem4f (.const:ti_sysbios_knl_Task_Module_State_inactiveQ__O)
                  00006a00    00000004     release_pem4f.oem4f (.const:ti_sysbios_knl_Task_Object__count__C)
                  00006a04    00000004     release_pem4f.oem4f (.const:ti_sysbios_knl_Task_Object__heap__C)
                  00006a08    00000004     release_pem4f.oem4f (.const:ti_sysbios_knl_Task_Object__table__C)
                  00006a0c    00000004     release_pem4f.oem4f (.const:ti_sysbios_knl_Task_allBlockedFunc__C)
                  00006a10    00000004     release_pem4f.oem4f (.const:ti_sysbios_knl_Task_defaultStackHeap__C)
                  00006a14    00000004     release_pem4f.oem4f (.const:ti_sysbios_knl_Task_defaultStackSize__C)
                  00006a18    00000004     release_pem4f.oem4f (.const:ti_sysbios_knl_Task_numConstructedTasks__C)
                  00006a1c    00000004     release_pem4f.oem4f (.const:xdc_runtime_Error_E_memory__C)
                  00006a20    00000004     release_pem4f.oem4f (.const:xdc_runtime_Error_policyFxn__C)
                  00006a24    00000004     release_pem4f.oem4f (.const:xdc_runtime_IGateProvider_Interface__BASE__C)
                  00006a28    00000004     release_pem4f.oem4f (.const:xdc_runtime_IHeap_Interface__BASE__C)
                  00006a2c    00000004     release_pem4f.oem4f (.const:xdc_runtime_IModule_Interface__BASE__C)
                  00006a30    00000004     release_pem4f.oem4f (.const:xdc_runtime_Memory_defaultHeapInstance__C)
                  00006a34    00000004     release_pem4f.oem4f (.const:xdc_runtime_Startup_execImpl__C)
                  00006a38    00000004     release_pem4f.oem4f (.const:xdc_runtime_Startup_maxPasses__C)
                  00006a3c    00000004     release_pem4f.oem4f (.const:xdc_runtime_Startup_sfxnRts__C)
                  00006a40    00000004     release_pem4f.oem4f (.const:xdc_runtime_Startup_sfxnTab__C)
                  00006a44    00000004     release_pem4f.oem4f (.const:xdc_runtime_Startup_startModsFxn__C)
                  00006a48    00000004     release_pem4f.oem4f (.const:xdc_runtime_SysCallback_abortFxn__C)
                  00006a4c    00000004     release_pem4f.oem4f (.const:xdc_runtime_SysCallback_exitFxn__C)
                  00006a50    00000004     release_pem4f.oem4f (.const:xdc_runtime_System_Module__gateObj__C)
                  00006a54    00000004     release_pem4f.oem4f (.const:xdc_runtime_System_abortFxn__C)
                  00006a58    00000004     release_pem4f.oem4f (.const:xdc_runtime_System_exitFxn__C)
                  00006a5c    00000004     release_pem4f.oem4f (.const:xdc_runtime_System_maxAtexitHandlers__C)
                  00006a60    00000004     release_pem4f.oem4f (.const:xdc_runtime_Text_nameUnknown__C)
                  00006a64    00000002     release_pem4f.oem4f (.const:ti_sysbios_family_arm_msp432_init_Boot_enableHFXT__C)
                  00006a66    00000002     release_pem4f.oem4f (.const:ti_sysbios_family_arm_msp432_init_Boot_enableLFXT__C)
                  00006a68    00000002     release_pem4f.oem4f (.const:ti_sysbios_heaps_HeapMem_Module__id__C)
                  00006a6a    00000002     release_pem4f.oem4f (.const:xdc_runtime_Memory_Module__id__C)

.cinit     0    00006a70    00000238     
                  00006a70    000001ff     (.cinit..data.load) [load image, compression = lzss]
                  00006c6f    00000001     --HOLE-- [fill = 0]
                  00006c70    0000000c     (__TI_handler_table)
                  00006c7c    00000004     --HOLE-- [fill = 0]
                  00006c80    00000008     (.cinit..bss.load) [load image, compression = zero_init]
                  00006c88    00000008     (.cinit..vtable.load) [load image, compression = zero_init]
                  00006c90    00000018     (__TI_cinit_table)

.init_array 
*          0    00000000    00000000     UNINITIALIZED

.data      0    20000140    00000654     UNINITIALIZED
                  20000140    000000f0     rtsv7M4_T_le_v4SPD16_eabi.lib : defs.c.obj (.data:_ftable)
                  20000230    00000088     sysbios.aem4f : BIOS.obj (.data:$O1$$)
                  200002b8    00000080     release_pem4f.oem4f (.data:ti_sysbios_knl_Swi_Module_State_0_readyQ__A)
                  20000338    00000080     release_pem4f.oem4f (.data:ti_sysbios_knl_Task_Module_State_0_readyQ__A)
                  200003b8    00000078     rtsv7M4_T_le_v4SPD16_eabi.lib : host_device.c.obj (.data:_device)
                  20000430    00000054     release_pem4f.oem4f (.data:ti_sysbios_gates_GateMutex_Object__table__V)
                  20000484    00000050     rtsv7M4_T_le_v4SPD16_eabi.lib : host_device.c.obj (.data:_stream)
                  200004d4    0000004c     release_pem4f.oem4f (.data:ti_sysbios_knl_Task_Object__table__V)
                  20000520    00000044     release_pem4f.oem4f (.data:ti_sysbios_family_arm_msp432_Timer_Object__table__V)
                  20000564    00000044     release_pem4f.oem4f (.data:ti_sysbios_knl_Task_Module__state__V)
                  200005a8    00000034     release_pem4f.oem4f (.data:ti_sysbios_family_arm_m3_Hwi_Module__state__V)
                  200005dc    00000030     release_pem4f.oem4f (.data:ti_sysbios_knl_Swi_Object__table__V)
                  2000060c    0000002c     release_pem4f.oem4f (.data:ti_sysbios_knl_Clock_Module__state__V)
                  20000638    00000024     release_pem4f.oem4f (.data:ti_sysbios_BIOS_Module__state__V)
                  2000065c    00000020     release_pem4f.oem4f (.data:ti_sysbios_family_arm_msp432_Timer_Module_State_0_device__A)
                  2000067c    00000020     release_pem4f.oem4f (.data:xdc_runtime_Error_IgnoreBlock)
                  2000069c    0000001c     release_pem4f.oem4f (.data:ti_sysbios_knl_Swi_Module__state__V)
                  200006b8    00000018     release_pem4f.oem4f (.data:ti_sysbios_family_arm_m3_Hwi_Object__table__V)
                  200006d0    00000018     release_pem4f.oem4f (.data:ti_sysbios_heaps_HeapMem_Object__table__V)
                  200006e8    00000010     rtsv7M4_T_le_v4SPD16_eabi.lib : defs.c.obj (.data)
                  200006f8    00000010     release_pem4f.oem4f (.data:ti_sysbios_family_arm_msp432_Timer_Module_State_0_handles__A)
                  20000708    0000000c     rtsv7M4_T_le_v4SPD16_eabi.lib : exit.c.obj (.data:$O1$$)
                  20000714    0000000c     release_pem4f.oem4f (.data:ti_sysbios_family_arm_msp432_Timer_Module__state__V)
                  20000720    00000008     rtsv7M4_T_le_v4SPD16_eabi.lib : _lock.c.obj (.data:$O1$$)
                  20000728    00000008     release_pem4f.oem4f (.data:ti_sysbios_gates_GateHwi_Module__root__V)
                  20000730    00000008     release_pem4f.oem4f (.data:ti_sysbios_gates_GateMutex_Module__root__V)
                  20000738    00000008     release_pem4f.oem4f (.data:ti_sysbios_heaps_HeapMem_Module__root__V)
                  20000740    00000008     release_pem4f.oem4f (.data:ti_sysbios_knl_Queue_Module__root__V)
                  20000748    00000008     release_pem4f.oem4f (.data:ti_sysbios_knl_Semaphore_Module__root__V)
                  20000750    00000008     release_pem4f.oem4f (.data:ti_sysbios_knl_Task_Module__root__V)
                  20000758    00000008     release_pem4f.oem4f (.data:xdc_runtime_Startup_Module__state__V)
                  20000760    00000008     release_pem4f.oem4f (.data:xdc_runtime_System_Module_State_0_atexitHandlers__A)
                  20000768    00000008     release_pem4f.oem4f (.data:xdc_runtime_System_Module__state__V)
                  20000770    00000005     system_functions.obj (.data)
                  20000775    00000001     --HOLE--
                  20000776    00000002     release_pem4f.oem4f (.data:ti_sysbios_family_arm_m3_Hwi_Module_State_0_excActive__A)
                  20000778    00000004     rtsv7M4_T_le_v4SPD16_eabi.lib : stkdepth_vars.c.obj (.data)
                  2000077c    00000004     release_pem4f.oem4f (.data:ti_sysbios_family_arm_m3_Hwi_Module_State_0_excContext__A)
                  20000780    00000004     release_pem4f.oem4f (.data:ti_sysbios_family_arm_m3_Hwi_Module_State_0_excStack__A)
                  20000784    00000004     release_pem4f.oem4f (.data:ti_sysbios_gates_GateHwi_Object__table__V)
                  20000788    00000004     release_pem4f.oem4f (.data:ti_sysbios_knl_Task_Module_State_0_idleTask__A)
                  2000078c    00000004     release_pem4f.oem4f (.data:ti_sysbios_rts_ti_ReentSupport_Module__state__V)
                  20000790    00000004     release_pem4f.oem4f (.data:xdc_runtime_Memory_Module__state__V)

.bss       0    20000798    0000050c     UNINITIALIZED
                  20000798    00000200     release_pem4f.oem4f (.bss:taskStackSection)
                  20000998    00000140     (.common:ti_sysbios_family_arm_m3_Hwi_dispatchTable)
                  20000ad8    00000120     rtsv7M4_T_le_v4SPD16_eabi.lib : trgmsg.c.obj (.bss:_CIOBUF_)
                  20000bf8    000000a0     (.common:__TI_tmpnams)
                  20000c98    00000008     (.common:parmbuf)
                  20000ca0    00000004     (.common:ti_sysbios_knl_Task_Instance_State_0_hookEnv__A)

.vtable    0    20001000    000000e8     UNINITIALIZED
                  20001000    000000e8     INT_MSP432.obj (.vtable)

.priheap   0    200010e8    00004000     UNINITIALIZED
                  200010e8    00004000     --HOLE--

.stack     0    2000fc00    00000400     UNINITIALIZED
                  2000fc00    00000400     --HOLE--

.bootVecs 
*          0    00000000    00000008     DSECT
                  00000000    00000008     boot.aem4f : boot.oem4f (.bootVecs)

.resetVecs 
*          0    00000000    0000003c     
                  00000000    0000003c     release_pem4f.oem4f (.resetVecs)

.vecs      0    20000000    00000140     NOLOAD SECTION
                  20000000    00000140     release_pem4f.oem4f (.vecs)

xdc.meta   0    00000000    000000e4     COPY SECTION
                  00000000    000000e4     release_pem4f.oem4f (xdc.meta)

xdc.noload 
*          0    00000000    00000000     COPY SECTION

__llvm_prf_cnts 
*          0    20000000    00000000     UNINITIALIZED

.binit     0    00000000    00000000     

MODULE SUMMARY

       Module                       code    ro data   rw data
       ------                       ----    -------   -------
    ./
       system_functions.obj         916     0         10     
       system_Thread.obj            212     0         0      
       Threads.obj                  100     0         0      
    +--+----------------------------+-------+---------+---------+
       Total:                       1228    0         10     
                                                             
    ./Drivers/
       UART_MSP432.obj              680     36        0      
       INT_MSP432.obj               220     8         464    
       GPIO_MSP432.obj              296     48        0      
       TIMER32_MSP432.obj           104     0         0      
    +--+----------------------------+-------+---------+---------+
       Total:                       1300    92        464    
                                                             
    ./aux_files/
       system_msp432p401r.obj       202     0         0      
    +--+----------------------------+-------+---------+---------+
       Total:                       202     0         0      
                                                             
    /home/marco/ti/workspace_v12/U2Laboratorio_2/Debug/configPkg/package/cfg/
       release_pem4f.oem4f          2086    991       4308   
    +--+----------------------------+-------+---------+---------+
       Total:                       2086    991       4308   
                                                             
    /home/marco/ti/ccs/ccs1240/ccs/tools/compiler/ti-cgt-arm_20.2.7.LTS/lib/rtsv7M4_T_le_v4SPD16_eabi.lib
       _printfi.c.obj               4851    0         0      
       defs.c.obj                   0       0         832    
       trgmsg.c.obj                 108     0         576    
       fd_add_t2.asm.obj            438     0         0      
       host_device.c.obj            0       0         400    
       fd_div_t2.asm.obj            310     0         0      
       fputs.c.obj                  276     0         0      
       s_scalbn.c.obj               272     0         0      
       fd_cmp_t2.asm.obj            268     0         0      
       ctype.c.obj                  0       257       0      
       fd_mul_t2.asm.obj            252     0         0      
       setvbuf.c.obj                220     0         0      
       memcpy_t2.asm.obj            156     0         0      
       ull_div_t2.asm.obj           150     0         0      
       fputc.c.obj                  140     0         0      
       memset_t2.asm.obj            122     0         0      
       fclose.c.obj                 116     0         0      
       getdevice.c.obj              116     0         0      
       hostopen.c.obj               96      0         16     
       printf.c.obj                 112     0         0      
       hostrename.c.obj             108     0         0      
       copy_decompress_lzss.c.obj   104     0         0      
       hostlseek.c.obj              104     0         0      
       exit.c.obj                   76      0         24     
       fseek.c.obj                  100     0         0      
       s_frexp.c.obj                100     0         0      
       _io_perm.c.obj               98      0         0      
       close.c.obj                  92      0         0      
       hostread.c.obj               88      0         0      
       hostwrite.c.obj              88      0         0      
       _ltoa.c.obj                  84      0         0      
       atoi.c.obj                   76      0         0      
       cpy_tbl.c.obj                76      0         0      
       fflush.c.obj                 76      0         0      
       fd_toi_t2.asm.obj            72      0         0      
       hostclose.c.obj              68      0         0      
       hostunlink.c.obj             68      0         0      
       strncpy.c.obj                54      0         0      
       fopen.c.obj                  52      0         0      
       i_tofd_t2.asm.obj            46      0         0      
       unlink.c.obj                 44      0         0      
       _lock.c.obj                  26      0         16     
       lseek.c.obj                  40      0         0      
       write.c.obj                  40      0         0      
       memchr.c.obj                 32      0         0      
       memccpy.c.obj                28      0         0      
       s_copysign.c.obj             26      0         0      
       args_main.c.obj              24      0         0      
       strcmp.c.obj                 24      0         0      
       strchr.c.obj                 22      0         0      
       strcpy.c.obj                 20      0         0      
       strlen.c.obj                 20      0         0      
       wcslen.c.obj                 18      0         0      
       copy_decompress_none.c.obj   14      0         0      
       copy_zero_init.c.obj         12      0         0      
       stkdepth_vars.c.obj          0       0         8      
       div0.asm.obj                 2       0         0      
    +--+----------------------------+-------+---------+---------+
       Total:                       10025   257       1872   
                                                             
    /home/marco/ti/simplelink_msp432p4_sdk_3_40_01_02/kernel/tirtos/packages/ti/targets/arm/rtsarm/lib/auto_init.aem4f
       auto_init.oem4f              160     0         0      
    +--+----------------------------+-------+---------+---------+
       Total:                       160     0         0      
                                                             
    /home/marco/ti/simplelink_msp432p4_sdk_3_40_01_02/kernel/tirtos/packages/ti/targets/arm/rtsarm/lib/boot.aem4f
       boot.oem4f                   88      0         0      
    +--+----------------------------+-------+---------+---------+
       Total:                       88      0         0      
                                                             
    /home/marco/ti/simplelink_msp432p4_sdk_3_40_01_02/source/ti/devices/msp432p4xx/driverlib/ccs/msp432p4xx_driverlib.lib
       pcm.o                        1770    0         0      
       rtc_c.o                      44      0         0      
       wdt_a.o                      36      0         0      
       cpu.o                        4       0         0      
    +--+----------------------------+-------+---------+---------+
       Total:                       1854    0         0      
                                                             
    /home/marco/ti/workspace_v12/U2Laboratorio_2/aux_files/src/sysbios/sysbios.aem4f
       BIOS.obj                     8042    0         272    
       m3_Hwi_asm.obj               318     0         0      
       m3_TaskSupport_asm.obj       180     0         0      
       m3_Hwi_asm_switch.obj        118     0         0      
    +--+----------------------------+-------+---------+---------+
       Total:                       8658    0         272    
                                                             
       Stack:                       0       0         2048   
       Linker Generated:            0       563       0      
    +--+----------------------------+-------+---------+---------+
       Grand Total:                 25601   1903      8974   


LINKER GENERATED COPY TABLES

__TI_cinit_table @ 00006c90 records: 3, size/record: 8, table size: 24
	.data: load addr=00006a70, load size=000001ff bytes, run addr=20000140, run size=00000654 bytes, compression=lzss
	.bss: load addr=00006c80, load size=00000008 bytes, run addr=20000798, run size=0000050c bytes, compression=zero_init
	.vtable: load addr=00006c88, load size=00000008 bytes, run addr=20001000, run size=000000e8 bytes, compression=zero_init


LINKER GENERATED HANDLER TABLE

__TI_handler_table @ 00006c70 records: 3, size/record: 4, table size: 12
	index: 0, handler: __TI_zero_init
	index: 1, handler: __TI_decompress_lzss
	index: 2, handler: __TI_decompress_none


GLOBAL SYMBOLS: SORTED ALPHABETICALLY BY Name 

address   name                                                            
-------   ----                                                            
00006934  BRFX                                                            
00006940  BRS                                                             
0000694c  BRX                                                             
00002fed  C$$EXIT                                                         
00005113  C$$IO$$                                                         
00001873  CPU_wfi                                                         
00005305  GPIO_getInputPinValue                                           
00003b4d  GPIO_init_board                                                 
0000311d  GPIO_setOutput                                                  
00004000  HEAPSIZE                                                        
00004cc9  HOSTclose                                                       
00003bb5  HOSTlseek                                                       
00004021  HOSTopen                                                        
00004491  HOSTread                                                        
00003a71  HOSTrename                                                      
00004d0d  HOSTunlink                                                      
000044e9  HOSTwrite                                                       
0000379d  Int_enableInterrupt                                             
00004201  Int_registerInterrupt                                           
000041a1  PCM_getCoreVoltageLevel                                         
00004435  PCM_getPowerMode                                                
000060a9  PCM_getPowerState                                               
000058ad  PCM_gotoLPM0                                                    
00003609  PCM_gotoLPM3                                                    
000061b5  PCM_gotoLPM4                                                    
000061c5  PCM_setPowerMode                                                
000061d5  PCM_setPowerState                                               
000046f9  PCM_shutdownDevice                                              
0000130f  Power_idleFunc                                                  
000056c5  RTC_C_holdClock                                                 
UNDEFED   SHT$$INIT_ARRAY$$Base                                           
UNDEFED   SHT$$INIT_ARRAY$$Limit                                          
00002949  SystemInit                                                      
00006471  System_InicialiceIO                                             
00006479  System_InicialiceUART                                           
000027a5  System_Thread                                                   
00006339  T32_ClearInterruptFlag1                                         
00005a41  T32_Configure1                                                  
00006345  T32_DisableTimer1                                               
00006351  T32_EnableInterrupt1                                            
0000635d  T32_EnableTimer1                                                
000060bd  T32_SetLoadValue1                                               
00002009  Timer32_INT1                                                    
00005ee9  UART_B_char_IE                                                  
00005f01  UART_E_char_IE                                                  
00004541  UART_clck_source                                                
00005f19  UART_data_bits                                                  
00006039  UART_den                                                        
0000604f  UART_en                                                         
00003c1d  UART_init                                                       
00005f31  UART_mode                                                       
00005a65  UART_putsf                                                      
000051c9  UART_sendByte                                                   
00004599  UART_set_baud_rate                                              
00005335  UART_set_location_pin                                           
00005f49  UART_set_oversampling                                           
000051fd  UART_set_parity                                                 
00005f61  UART_set_stop_bits                                              
00005f79  UART_set_transmision_dir                                        
4000480c  WDTCTL_SYM                                                      
00005a89  WDT_A_holdTimer                                                 
00000000  __ASM__                                                         
20000ad8  __CIOBUF_                                                       
00000065  __ISA__                                                         
00000078  __PLAT__                                                        
20010000  __STACK_END                                                     
00000400  __STACK_SIZE                                                    
0000009b  __TARG__                                                        
00006c90  __TI_CINIT_Base                                                 
00006ca8  __TI_CINIT_Limit                                                
00006c70  __TI_Handler_Table_Base                                         
00006c7c  __TI_Handler_Table_Limit                                        
00002d85  __TI_auto_init                                                  
00005231  __TI_cleanup                                                    
20000708  __TI_cleanup_ptr                                                
0000391d  __TI_closefile                                                  
00003c85  __TI_decompress_lzss                                            
000062f9  __TI_decompress_none                                            
00004899  __TI_doflush                                                    
2000070c  __TI_dtors_ptr                                                  
20000710  __TI_enable_exit_profile_output                                 
200006e8  __TI_ft_end                                                     
0000474d  __TI_ltoa                                                       
ffffffff  __TI_pprof_out_hndl                                             
00000041  __TI_printfi                                                    
ffffffff  __TI_prof_data_size                                             
ffffffff  __TI_prof_data_start                                            
00005265  __TI_readmsg                                                    
00006a70  __TI_static_base__                                              
20000bf8  __TI_tmpnams                                                    
000050e5  __TI_writemsg                                                   
00003fbd  __TI_wrt_ok                                                     
00006381  __TI_zero_init                                                  
000000c1  __TRDR__                                                        
00003475  __aeabi_cdcmpeq                                                 
00003475  __aeabi_cdcmple                                                 
000034fb  __aeabi_cdrcmple                                                
00004ba5  __aeabi_d2iz                                                    
00001163  __aeabi_dadd                                                    
0000173d  __aeabi_ddiv                                                    
00002215  __aeabi_dmul                                                    
00001159  __aeabi_dsub                                                    
00006519  __aeabi_errno_addr                                              
00005697  __aeabi_i2d                                                     
00002b87  __aeabi_idiv0                                                   
00002b87  __aeabi_ldiv0                                                   
000038a1  __aeabi_memclr                                                  
000038a1  __aeabi_memclr4                                                 
000038a1  __aeabi_memclr8                                                 
00002e25  __aeabi_memcpy                                                  
00002e25  __aeabi_memcpy4                                                 
00002e25  __aeabi_memcpy8                                                 
000038a3  __aeabi_memset                                                  
000038a3  __aeabi_memset4                                                 
000038a3  __aeabi_memset8                                                 
200006f4  __aeabi_stderr                                                  
200006ec  __aeabi_stdin                                                   
200006f0  __aeabi_stdout                                                  
00002ec1  __aeabi_uldivmod                                                
ffffffff  __binit__                                                       
ffffffff  __c_args__                                                      
200050e8  __primary_heap_end__                                            
200010e8  __primary_heap_start__                                          
2000fc00  __stack                                                         
20000000  __start___llvm_prf_cnts                                         
20000000  __stop___llvm_prf_cnts                                          
00005f91  _args_main                                                      
000045f1  _c_int00                                                        
0000656c  _ctypes_                                                        
200003b8  _device                                                         
20000140  _ftable                                                         
20000720  _lock                                                           
00001877  _nop                                                            
000056f1  _pthread_cleanupFxn                                             
00006161  _pthread_cleanup_pop                                            
00002f59  _pthread_removeThreadKeys                                       
00006369  _register_lock                                                  
00006375  _register_unlock                                                
20000484  _stream                                                         
20000724  _unlock                                                         
00002fed  abort                                                           
000048e5  atoi                                                            
ffffffff  binit                                                           
000031ad  cambioDeColor                                                   
0000425d  close                                                           
20000771  contadorApago                                                   
20000770  contadorEstado                                                  
20000772  contadorSeg                                                     
00004931  copy_in                                                         
00005e9d  copysign                                                        
00005e9d  copysignl                                                       
20000773  estado                                                          
00004b5d  exit                                                            
00005365  finddevice                                                      
000032d1  fputc                                                           
00001acd  fputs                                                           
000058d5  free                                                            
[...]
00006039  UART_den                                                        
0000604f  UART_en                                                         
00006065  strchr                                                          
0000607b  ti_sysbios_BIOS_exitFunc__I                                     
00006091  ti_sysbios_knl_Task_unblock__E                                  
000060a9  PCM_getPowerState                                               
000060bd  T32_SetLoadValue1                                               
000060d1  pthread_attr_setschedparam                                      
000060e5  strcpy                                                          
000060f9  strlen                                                          
00006111  ti_sysbios_family_arm_m3_Hwi_switchFromBootStack__E             
00006125  ti_sysbios_hal_Hwi_HwiProxy_getStackInfo__E                     
00006125  ti_sysbios_hal_Hwi_getStackInfo__E                              
0000614d  xdc_runtime_Memory_HeapProxy_free__E                            
00006161  _pthread_cleanup_pop                                            
00006191  ti_sysbios_hal_Hwi_Module_startup__E                            
000061a3  wcslen                                                          
000061b5  PCM_gotoLPM4                                                    
000061c5  PCM_setPowerMode                                                
000061d5  PCM_setPowerState                                               
000061e5  ti_sysbios_BIOS_RtsGateProxy_leave__E                           
000061f9  ti_sysbios_BIOS_exit__E                                         
00006209  ti_sysbios_BIOS_setThreadType__E                                
00006219  ti_sysbios_BIOS_start__E                                        
00006229  ti_sysbios_family_arm_m3_TaskSupport_glue                       
00006239  ti_sysbios_family_arm_msp432_init_Boot_disableWatchdog          
00006249  ti_sysbios_gates_GateMutex_Instance_finalize__E                 
00006259  ti_sysbios_heaps_HeapMem_Module_GateProxy_leave__E              
00006269  ti_sysbios_knl_Semaphore_Instance_finalize__E                   
00006279  ti_sysbios_knl_Swi_disable__E                                   
00006289  ti_sysbios_knl_Task_SupportProxy_swap__E                        
00006299  ti_sysbios_knl_Task_disable__E                                  
000062a9  xdc_runtime_Gate_leaveSystem__E                                 
000062b9  xdc_runtime_Memory_free__E                                      
000062c9  xdc_runtime_SysCallback_abort__E                                
000062d9  xdc_runtime_SysCallback_exit__E                                 
000062e9  xdc_runtime_System_Module_GateProxy_leave__E                    
000062f9  __TI_decompress_none                                            
00006309  pthread_attr_setdetachstate                                     
00006319  ti_sysbios_knl_Idle_loop__E                                     
00006329  ti_sysbios_knl_Queue_empty__E                                   
00006339  T32_ClearInterruptFlag1                                         
00006345  T32_DisableTimer1                                               
00006351  T32_EnableInterrupt1                                            
0000635d  T32_EnableTimer1                                                
00006369  _register_lock                                                  
00006375  _register_unlock                                                
00006381  __TI_zero_init                                                  
0000638d  malloc                                                          
00006399  pthread_self                                                    
000063a5  ti_sysbios_BIOS_RtsGateProxy_enter__E                           
000063b1  ti_sysbios_family_arm_m3_TaskSupport_getStackAlignment__E       
000063c1  ti_sysbios_family_arm_msp432_Timer_getMaxTicks__E               
000063d1  ti_sysbios_gates_GateHwi_enter__E                               
000063dd  ti_sysbios_heaps_HeapMem_Module_GateProxy_enter__E              
000063e9  ti_sysbios_heaps_HeapMem_Module_GateProxy_query__E              
000063f5  ti_sysbios_knl_Clock_TimerProxy_getMaxTicks__E                  
00006401  ti_sysbios_knl_Task_delete                                      
00006411  ti_sysbios_knl_Task_self__E                                     
00006421  ti_sysbios_rts_ti_ReentSupport_taskRegHook__I                   
00006431  xdc_runtime_Gate_enterSystem__E                                 
00006441  xdc_runtime_Startup_rtsDone__E                                  
0000644d  xdc_runtime_System_Module_GateProxy_enter__E                    
00006459  xdc_runtime_System_SupportProxy_abort__E                        
00006465  xdc_runtime_System_SupportProxy_exit__E                         
00006471  System_InicialiceIO                                             
00006479  System_InicialiceUART                                           
00006481  pthread_attr_setstacksize                                       
00006489  ti_sysbios_family_arm_m3_Hwi_Module__startupDone__S             
00006491  ti_sysbios_family_arm_m3_Hwi_doSwiRestore__I                    
00006499  ti_sysbios_family_arm_m3_Hwi_startup__E                         
000064a1  ti_sysbios_family_arm_msp432_Timer_Module__startupDone__S       
000064a9  ti_sysbios_hal_Hwi_HwiProxy_Module__startupDone__S              
000064b1  ti_sysbios_hal_Hwi_HwiProxy_startup__E                          
000064b1  ti_sysbios_hal_Hwi_startup__E                                   
000064b9  ti_sysbios_hal_Hwi_HwiProxy_switchFromBootStack__E              
000064b9  ti_sysbios_hal_Hwi_switchFromBootStack__E                       
000064c1  ti_sysbios_knl_Clock_TimerProxy_Module__startupDone__S          
000064c9  ti_sysbios_knl_Task_SupportProxy_Module__startupDone__S         
000064d1  ti_sysbios_knl_Task_SupportProxy_getStackAlignment__E           
000064d9  ti_sysbios_rts_ti_ReentSupport_getReent__E                      
000064e1  xdc_runtime_Startup_reset__I                                    
000064e9  ti_sysbios_family_arm_m3_Hwi_doTaskRestore__I                   
000064f1  ti_sysbios_gates_GateHwi_leave__E                               
000064f9  ti_sysbios_heaps_HeapMem_isBlocking__E                          
00006501  ti_sysbios_knl_Queue_Instance_init__E                           
00006509  ti_sysbios_knl_Swi_startup__E                                   
00006511  xdc_runtime_System_Module_startup__E                            
00006519  __aeabi_errno_addr                                              
00006521  ti_sysbios_gates_GateHwi_query__E                               
00006529  ti_sysbios_gates_GateMutex_query__E                             
00006531  ti_sysbios_knl_Task_startup__E                                  
00006539  ti_sysbios_BIOS_linkedWithIncorrectBootLibrary__E               
00006541  ti_sysbios_gates_GateHwi_Instance_init__E                       
00006549  ti_sysbios_knl_Clock_logTick__E                                 
00006551  xdc_runtime_SysCallback_defaultAbort                            
00006559  xdc_runtime_SysCallback_defaultExit                             
00006561  xdc_runtime_System_abortSpin__E                                 
00006569  xdc_runtime_System_exitSpin__E                                  
0000656c  _ctypes_                                                        
0000666d  xdc_runtime_Error_policy__C                                     
0000666e  ti_sysbios_family_arm_msp432_init_Boot_bypassHFXT__C            
000066b8  ti_sysbios_knl_Task_Object__PARAMS__C                           
00006724  ti_sysbios_heaps_HeapMem_Module__FXNS__C                        
0000674c  ti_sysbios_gates_GateHwi_Module__FXNS__C                        
00006770  ti_sysbios_gates_GateMutex_Module__FXNS__C                      
00006794  ti_sysbios_heaps_HeapMem_Object__PARAMS__C                      
000067b8  ti_sysbios_knl_Semaphore_Object__PARAMS__C                      
000067dc  xdc_runtime_Startup_sfxnTab__A                                  
00006800  ti_sysbios_gates_GateHwi_Object__DESC__C                        
00006820  ti_sysbios_gates_GateMutex_Object__DESC__C                      
00006840  ti_sysbios_heaps_HeapMem_Object__DESC__C                        
00006860  ti_sysbios_knl_Queue_Object__DESC__C                            
00006880  ti_sysbios_knl_Semaphore_Object__DESC__C                        
000068a0  ti_sysbios_knl_Task_Object__DESC__C                             
000068c0  ti_sysbios_gates_GateHwi_Object__PARAMS__C                      
000068d8  ti_sysbios_gates_GateMutex_Object__PARAMS__C                    
000068f0  ti_sysbios_knl_Queue_Object__PARAMS__C                          
00006908  ti_sysbios_knl_Task_hooks__A                                    
00006920  xdc_runtime_Startup_sfxnRts__A                                  
00006932  ti_sysbios_family_arm_msp432_init_Boot_bypassLFXT__C            
00006934  BRFX                                                            
00006940  BRS                                                             
0000694c  BRX                                                             
00006958  xdc_runtime_Startup_firstFxns__A                                
0000696c  ti_sysbios_knl_Idle_funcList__A                                 
00006974  ti_sysbios_knl_Idle_funcList__C                                 
0000697c  ti_sysbios_knl_Task_hooks__C                                    
00006984  xdc_runtime_Startup_firstFxns__C                                
0000698c  xdc_runtime_Startup_lastFxns__C                                 
00006994  ti_sysbios_family_arm_m3_Hwi_NUM_INTERRUPTS__C                  
00006998  ti_sysbios_family_arm_m3_Hwi_Object__count__C                   
0000699c  ti_sysbios_family_arm_m3_Hwi_Object__table__C                   
000069a0  ti_sysbios_family_arm_m3_Hwi_ccr__C                             
000069a4  ti_sysbios_family_arm_m3_Hwi_excHandlerFunc__C                  
000069a8  ti_sysbios_family_arm_m3_Hwi_nullIsrFunc__C                     
000069ac  ti_sysbios_family_arm_m3_Hwi_priGroup__C                        
000069b0  ti_sysbios_family_arm_m3_TaskSupport_stackAlignment__C          
000069b4  ti_sysbios_family_arm_msp432_Timer_numTimerDevices__C           
000069b8  ti_sysbios_family_arm_msp432_Timer_startupNeeded__C             
000069bc  ti_sysbios_gates_GateMutex_Instance_State_sem__O                
000069c0  ti_sysbios_heaps_HeapMem_E_memory__C                            
000069c4  ti_sysbios_heaps_HeapMem_Module__gateObj__C                     
000069c8  ti_sysbios_heaps_HeapMem_Object__count__C                       
000069cc  ti_sysbios_heaps_HeapMem_Object__table__C                       
000069d0  ti_sysbios_heaps_HeapMem_primaryHeapBaseAddr__C                 
000069d4  ti_sysbios_heaps_HeapMem_primaryHeapEndAddr__C                  
000069d8  ti_sysbios_heaps_HeapMem_reqAlign__C                            
000069dc  ti_sysbios_knl_Clock_Module_State_clockQ__O                     
000069e0  ti_sysbios_knl_Clock_tickPeriod__C                              
000069e4  ti_sysbios_knl_Mailbox_Instance_State_freeQue__O                
000069e8  ti_sysbios_knl_Mailbox_Object__count__C                         
000069ec  ti_sysbios_knl_Mailbox_maxTypeAlign__C                          
000069f0  ti_sysbios_knl_Semaphore_Instance_State_pendQ__O                
000069f4  ti_sysbios_knl_Swi_Object__count__C                             
000069f8  ti_sysbios_knl_Swi_Object__table__C                             
000069fc  ti_sysbios_knl_Task_Module_State_inactiveQ__O                   
00006a00  ti_sysbios_knl_Task_Object__count__C                            
00006a04  ti_sysbios_knl_Task_Object__heap__C                             
00006a08  ti_sysbios_knl_Task_Object__table__C                            
00006a0c  ti_sysbios_knl_Task_allBlockedFunc__C                           
00006a10  ti_sysbios_knl_Task_defaultStackHeap__C                         
00006a14  ti_sysbios_knl_Task_defaultStackSize__C                         
00006a18  ti_sysbios_knl_Task_numConstructedTasks__C                      
00006a1c  xdc_runtime_Error_E_memory__C                                   
00006a20  xdc_runtime_Error_policyFxn__C                                  
00006a24  xdc_runtime_IGateProvider_Interface__BASE__C                    
00006a28  xdc_runtime_IHeap_Interface__BASE__C                            
00006a2c  xdc_runtime_IModule_Interface__BASE__C                          
00006a30  xdc_runtime_Memory_defaultHeapInstance__C                       
00006a34  xdc_runtime_Startup_execImpl__C                                 
00006a38  xdc_runtime_Startup_maxPasses__C                                
00006a3c  xdc_runtime_Startup_sfxnRts__C                                  
00006a40  xdc_runtime_Startup_sfxnTab__C                                  
00006a44  xdc_runtime_Startup_startModsFxn__C                             
00006a48  xdc_runtime_SysCallback_abortFxn__C                             
00006a4c  xdc_runtime_SysCallback_exitFxn__C                              
00006a50  xdc_runtime_System_Module__gateObj__C                           
00006a54  xdc_runtime_System_abortFxn__C                                  
00006a58  xdc_runtime_System_exitFxn__C                                   
00006a5c  xdc_runtime_System_maxAtexitHandlers__C                         
00006a60  xdc_runtime_Text_nameUnknown__C                                 
00006a64  ti_sysbios_family_arm_msp432_init_Boot_enableHFXT__C            
00006a66  ti_sysbios_family_arm_msp432_init_Boot_enableLFXT__C            
00006a68  ti_sysbios_heaps_HeapMem_Module__id__C                          
00006a6a  xdc_runtime_Memory_Module__id__C                                
00006a70  __TI_static_base__                                              
00006c70  __TI_Handler_Table_Base                                         
00006c7c  __TI_Handler_Table_Limit                                        
00006c90  __TI_CINIT_Base                                                 
00006ca8  __TI_CINIT_Limit                                                
20000000  __start___llvm_prf_cnts                                         
20000000  __stop___llvm_prf_cnts                                          
20000000  ti_sysbios_family_arm_m3_Hwi_ramVectors                         
20000140  _ftable                                                         
200002b8  ti_sysbios_knl_Swi_Module_State_0_readyQ__A                     
20000338  ti_sysbios_knl_Task_Module_State_0_readyQ__A                    
200003b8  _device                                                         
20000430  ti_sysbios_gates_GateMutex_Object__table__V                     
20000484  _stream                                                         
200004d4  ti_sysbios_knl_Task_Object__table__V                            
20000520  ti_sysbios_family_arm_msp432_Timer_Object__table__V             
20000564  ti_sysbios_knl_Task_Module__state__V                            
200005a8  ti_sysbios_family_arm_m3_Hwi_Module__state__V                   
200005dc  ti_sysbios_knl_Swi_Object__table__V                             
2000060c  ti_sysbios_knl_Clock_Module__state__V                           
20000638  ti_sysbios_BIOS_Module__state__V                                
2000065c  ti_sysbios_family_arm_msp432_Timer_Module_State_0_device__A     
2000067c  xdc_runtime_Error_IgnoreBlock                                   
2000069c  ti_sysbios_knl_Swi_Module__state__V                             
200006b8  ti_sysbios_family_arm_m3_Hwi_Object__table__V                   
200006d0  ti_sysbios_heaps_HeapMem_Object__table__V                       
200006e8  __TI_ft_end                                                     
200006ec  __aeabi_stdin                                                   
200006f0  __aeabi_stdout                                                  
200006f4  __aeabi_stderr                                                  
200006f8  ti_sysbios_family_arm_msp432_Timer_Module_State_0_handles__A    
20000708  __TI_cleanup_ptr                                                
2000070c  __TI_dtors_ptr                                                  
20000710  __TI_enable_exit_profile_output                                 
20000714  ti_sysbios_family_arm_msp432_Timer_Module__state__V             
20000720  _lock                                                           
20000724  _unlock                                                         
20000728  ti_sysbios_gates_GateHwi_Module__root__V                        
20000730  ti_sysbios_gates_GateMutex_Module__root__V                      
20000738  ti_sysbios_heaps_HeapMem_Module__root__V                        
20000740  ti_sysbios_knl_Queue_Module__root__V                            
20000748  ti_sysbios_knl_Semaphore_Module__root__V                        
20000750  ti_sysbios_knl_Task_Module__root__V                             
20000758  xdc_runtime_Startup_Module__state__V                            
20000760  xdc_runtime_System_Module_State_0_atexitHandlers__A             
20000768  xdc_runtime_System_Module__state__V                             
20000770  contadorEstado                                                  
20000771  contadorApago                                                   
20000772  contadorSeg                                                     
20000773  estado                                                          
20000774  prendido                                                        
20000776  ti_sysbios_family_arm_m3_Hwi_Module_State_0_excActive__A        
20000778  main_func_sp                                                    
2000077c  ti_sysbios_family_arm_m3_Hwi_Module_State_0_excContext__A       
20000780  ti_sysbios_family_arm_m3_Hwi_Module_State_0_excStack__A         
20000784  ti_sysbios_gates_GateHwi_Object__table__V                       
20000788  ti_sysbios_knl_Task_Module_State_0_idleTask__A                  
2000078c  ti_sysbios_rts_ti_ReentSupport_Module__state__V                 
20000790  xdc_runtime_Memory_Module__state__V                             
20000798  ti_sysbios_knl_Task_Instance_State_0_stack__A                   
20000998  ti_sysbios_family_arm_m3_Hwi_dispatchTable                      
20000ad8  __CIOBUF_                                                       
20000bf8  __TI_tmpnams                                                    
20000c98  parmbuf                                                         
20000ca0  ti_sysbios_knl_Task_Instance_State_0_hookEnv__A                 
20001000  g_pfnRAMVectoring                                               
200010e8  __primary_heap_start__                                          
200050e8  __primary_heap_end__                                            
2000fc00  __stack                                                         
20010000  __STACK_END                                                     
4000480c  WDTCTL_SYM                                                      
e000e000  ti_sysbios_family_arm_m3_Hwi_nvic                               
ffffffff  __TI_pprof_out_hndl                                             
ffffffff  __TI_prof_data_size                                             
ffffffff  __TI_prof_data_start                                            
ffffffff  __binit__                                                       
ffffffff  __c_args__                                                      
ffffffff  binit                                                           
UNDEFED   SHT$$INIT_ARRAY$$Base                                           
UNDEFED   SHT$$INIT_ARRAY$$Limit                                          

[521 symbols]
